INFO:     Started server process [50894]
INFO:     Waiting for application startup.
INFO:     Application startup complete.
INFO:     Uvicorn running on http://127.0.0.1:43191 (Press CTRL+C to quit)
Successfully loaded router: cockpit.web.governance.api
Successfully loaded router: cockpit.web.api_compute
Successfully loaded router: cockpit.web.api_svc
Successfully loaded router: cockpit.web.api_domain_apps
Successfully loaded router: cockpit.web.api_system_map
Successfully loaded router: cockpit.web.api_omos
Successfully loaded router: cockpit.web.api_ecos
Successfully loaded router: cockpit.web.api_knowledge
Successfully loaded router: cockpit.web.api_memory
Successfully loaded router: cockpit.web.api_bos
Successfully loaded router: cockpit.web.api_proposals
Successfully loaded router: cockpit.web.mobile_api
Successfully loaded router: cockpit.web.api_metaos
Successfully loaded router: cockpit.web.api_agora
Successfully loaded router: cockpit.web.api_sandbox
Successfully loaded router: cockpit.web.api_l4
Successfully loaded router: cockpit.web.api_health
Successfully loaded router: cockpit.web.api_alerts
Successfully loaded router: cockpit.web.api_tasks
Successfully loaded router: cockpit.web.api_kems
Successfully loaded router: cockpit.web.api_logs
Successfully loaded router: cockpit.web.api_metrics
Successfully loaded router: cockpit.web.api_observability
Successfully loaded router: cockpit.web.api_observatory
Successfully loaded router: cockpit.web.api_hubs
Successfully loaded router: cockpit.web.api_delivery_journey
Successfully loaded router: cockpit.web.api_workflow_mesh_operations
Successfully loaded router: cockpit.web.api_knowledge_actions
Successfully loaded router: cockpit.web.api_external_resources
Successfully loaded router: cockpit.web.api_scene_cards
Successfully loaded router: cockpit.web.api_scene_lifecycle
Successfully loaded router: cockpit.web.api_decision_inbox
Successfully loaded router: cockpit.web.api_intake_pipeline
Successfully loaded router: cockpit.web.api_approval_flow
Successfully loaded router: cockpit.web.api_week4
Successfully loaded router: cockpit.web.api_swarm
Successfully loaded router: cockpit.web.api_outcomes
Successfully loaded router: cockpit.web.api_journeys
Successfully loaded router: cockpit.web.api_unified_inbox
Successfully loaded router: cockpit.web.api_commands
Successfully loaded router: cockpit.web.api_chains
Successfully loaded router: cockpit.web.api_command_audit
Successfully loaded router: cockpit.web.api_reflection
Successfully loaded router: cockpit.web.api_work_cases
Successfully loaded router: cockpit.web.api_console_bos
Successfully loaded router: cockpit.web.api_console_mof
Successfully loaded router: cockpit.web.api_console_harness
Successfully loaded router: cockpit.web.api_console_meta
Successfully loaded KOS proxy routes
Successfully loaded Brain API routes
Successfully loaded KnowledgeIndexer callback route
Successfully loaded Memory OS API routes
Successfully loaded Capability Registry API routes
Successfully loaded Resident Flight Deck API routes
INFO:     127.0.0.1:58595 - "GET / HTTP/1.1" 200 OK
INFO:     127.0.0.1:58596 - "GET /api/v1/manifest HTTP/1.1" 404 Not Found
20:01:29 [WARNING] cockpit.web.knowledge_indexer: knowledge_indexer: could not subscribe after 5 attempts — indexer will retry on next startup. Cards written while Agora offline are NOT lost (files persisted).
INFO:     127.0.0.1:58731 - "GET /api/console/meta HTTP/1.1" 200 OK
INFO:     127.0.0.1:58732 - "GET /api/bos/catalog HTTP/1.1" 200 OK
INFO:     127.0.0.1:58733 - "GET /api/mof/rules HTTP/1.1" 200 OK
INFO:     127.0.0.1:58734 - "GET /api/console/harness/stages HTTP/1.1" 200 OK
INFO:     127.0.0.1:61376 - "GET / HTTP/1.1" 200 OK
INFO:     127.0.0.1:61376 - "GET /assets/index-bE3Yteo3.js HTTP/1.1" 200 OK
INFO:     127.0.0.1:61377 - "GET /assets/rolldown-runtime-QTnfLwEv.js HTTP/1.1" 200 OK
INFO:     127.0.0.1:61382 - "GET /assets/vendor-charts-zDtvkKVX.js HTTP/1.1" 200 OK
INFO:     127.0.0.1:61397 - "GET /assets/vendor-react-hLMxqzvG.js HTTP/1.1" 200 OK
INFO:     127.0.0.1:61396 - "GET /assets/vendor-icons-DR4zfvpY.js HTTP/1.1" 200 OK
INFO:     127.0.0.1:61395 - "GET /assets/vendor-query-D0jzAPxp.js HTTP/1.1" 200 OK
INFO:     127.0.0.1:61377 - "GET /assets/index-mhE-46as.css HTTP/1.1" 200 OK
INFO:     127.0.0.1:61395 - "GET /assets/client-DwXWvh8q.js HTTP/1.1" 200 OK
INFO:     127.0.0.1:61396 - "GET /assets/endpoints-P4KB905V.js HTTP/1.1" 200 OK
INFO:     127.0.0.1:61382 - "GET /assets/HomePage-CFi1Dydg.js HTTP/1.1" 200 OK
INFO:     127.0.0.1:61395 - "GET /assets/HomePage-ywGy8-6j.css HTTP/1.1" 200 OK
INFO:     127.0.0.1:61382 - "GET /api/decision-inbox/approvals/queue HTTP/1.1" 200 OK
INFO:     127.0.0.1:61395 - "GET /live-api/data.json HTTP/1.1" 200 OK
INFO:     127.0.0.1:61396 - "GET /live-api/api/v1/events/stream HTTP/1.1" 200 OK
INFO:     127.0.0.1:61382 - "GET /live-api/api/v1/events/stream HTTP/1.1" 200 OK
Script health_monitor.py failed: Traceback (most recent call last):
  File "/Users/xiamingxing/Workspace/projects/l4-kernel/scripts/health_monitor.py", line 176, in <module>
    main()
    ~~~~^^
  File "/Users/xiamingxing/Workspace/projects/l4-kernel/scripts/health_monitor.py", line 159, in main
    result = check_health()
  File "/Users/xiamingxing/Workspace/projects/l4-kernel/scripts/health_monitor.py", line 33, in check_health
    registry = DomainRegistry(path_overrides=load_overrides_from_config(CONFIG_PATH))
                                             ~~~~~~~~~~~~~~~~~~~~~~~~~~^^^^^^^^^^^^^
  File "/Users/xiamingxing/Workspace/projects/l4-kernel/src/l4_kernel/config_loader.py", line 56, in load_overrides_from_config
    raise FileNotFoundError(
    ...<3 lines>...
    )
FileNotFoundError: l4 domain paths config not found: /Users/xiamingxing/Workspace/projects/l4-kernel/l4_domain_paths.toml. Create it with a [domain_paths] section before running production commands. See src/l4_kernel/config_loader.py for the TOML contract.

Script signal_analysis.py failed: Traceback (most recent call last):
  File "/Users/xiamingxing/Workspace/projects/l4-kernel/scripts/signal_analysis.py", line 285, in <module>
    main()
    ~~~~^^
  File "/Users/xiamingxing/Workspace/projects/l4-kernel/scripts/signal_analysis.py", line 264, in main
    signals = collect_signals(args.hours)
  File "/Users/xiamingxing/Workspace/projects/l4-kernel/scripts/signal_analysis.py", line 33, in collect_signals
    registry = DomainRegistry(path_overrides=load_overrides_from_config(CONFIG_PATH))
                                             ~~~~~~~~~~~~~~~~~~~~~~~~~~^^^^^^^^^^^^^
  File "/Users/xiamingxing/Workspace/projects/l4-kernel/src/l4_kernel/config_loader.py", line 56, in load_overrides_from_config
    raise FileNotFoundError(
    ...<3 lines>...
    )
FileNotFoundError: l4 domain paths config not found: /Users/xiamingxing/Workspace/projects/l4-kernel/l4_domain_paths.toml. Create it with a [domain_paths] section before running production commands. See src/l4_kernel/config_loader.py for the TOML contract.

Script health_monitor.py failed: Traceback (most recent call last):
  File "/Users/xiamingxing/Workspace/projects/l4-kernel/scripts/health_monitor.py", line 176, in <module>
    main()
    ~~~~^^
  File "/Users/xiamingxing/Workspace/projects/l4-kernel/scripts/health_monitor.py", line 159, in main
    result = check_health()
  File "/Users/xiamingxing/Workspace/projects/l4-kernel/scripts/health_monitor.py", line 33, in check_health
    registry = DomainRegistry(path_overrides=load_overrides_from_config(CONFIG_PATH))
                                             ~~~~~~~~~~~~~~~~~~~~~~~~~~^^^^^^^^^^^^^
  File "/Users/xiamingxing/Workspace/projects/l4-kernel/src/l4_kernel/config_loader.py", line 56, in load_overrides_from_config
    raise FileNotFoundError(
    ...<3 lines>...
    )
FileNotFoundError: l4 domain paths config not found: /Users/xiamingxing/Workspace/projects/l4-kernel/l4_domain_paths.toml. Create it with a [domain_paths] section before running production commands. See src/l4_kernel/config_loader.py for the TOML contract.

Script signal_analysis.py failed: Traceback (most recent call last):
  File "/Users/xiamingxing/Workspace/projects/l4-kernel/scripts/signal_analysis.py", line 285, in <module>
    main()
    ~~~~^^
  File "/Users/xiamingxing/Workspace/projects/l4-kernel/scripts/signal_analysis.py", line 264, in main
    signals = collect_signals(args.hours)
  File "/Users/xiamingxing/Workspace/projects/l4-kernel/scripts/signal_analysis.py", line 33, in collect_signals
    registry = DomainRegistry(path_overrides=load_overrides_from_config(CONFIG_PATH))
                                             ~~~~~~~~~~~~~~~~~~~~~~~~~~^^^^^^^^^^^^^
  File "/Users/xiamingxing/Workspace/projects/l4-kernel/src/l4_kernel/config_loader.py", line 56, in load_overrides_from_config
    raise FileNotFoundError(
    ...<3 lines>...
    )
FileNotFoundError: l4 domain paths config not found: /Users/xiamingxing/Workspace/projects/l4-kernel/l4_domain_paths.toml. Create it with a [domain_paths] section before running production commands. See src/l4_kernel/config_loader.py for the TOML contract.

Script health_monitor.py failed: Traceback (most recent call last):
  File "/Users/xiamingxing/Workspace/projects/l4-kernel/scripts/health_monitor.py", line 176, in <module>
    main()
    ~~~~^^
  File "/Users/xiamingxing/Workspace/projects/l4-kernel/scripts/health_monitor.py", line 159, in main
    result = check_health()
  File "/Users/xiamingxing/Workspace/projects/l4-kernel/scripts/health_monitor.py", line 33, in check_health
    registry = DomainRegistry(path_overrides=load_overrides_from_config(CONFIG_PATH))
                                             ~~~~~~~~~~~~~~~~~~~~~~~~~~^^^^^^^^^^^^^
  File "/Users/xiamingxing/Workspace/projects/l4-kernel/src/l4_kernel/config_loader.py", line 56, in load_overrides_from_config
    raise FileNotFoundError(
    ...<3 lines>...
    )
FileNotFoundError: l4 domain paths config not found: /Users/xiamingxing/Workspace/projects/l4-kernel/l4_domain_paths.toml. Create it with a [domain_paths] section before running production commands. See src/l4_kernel/config_loader.py for the TOML contract.

INFO:     127.0.0.1:61382 - "GET /api/health/summary HTTP/1.1" 200 OK
INFO:     127.0.0.1:61396 - "GET /api/alerts?limit=3&status=active HTTP/1.1" 200 OK
INFO:     127.0.0.1:61395 - "GET /api/tasks?limit=3&sort=updated HTTP/1.1" 200 OK
INFO:     127.0.0.1:61377 - "GET /api/metrics/trend?range=24h HTTP/1.1" 200 OK
INFO:     127.0.0.1:61376 - "GET /api/cockpit/system-map HTTP/1.1" 200 OK
INFO:     127.0.0.1:61397 - "GET /api/omos/thoughts HTTP/1.1" 200 OK
INFO:     127.0.0.1:61382 - "GET /favicon.svg HTTP/1.1" 200 OK
INFO:     127.0.0.1:62620 - "GET /api/decision-inbox/approvals/queue HTTP/1.1" 200 OK
INFO:     127.0.0.1:62620 - "GET /live-api/api/v1/events/stream HTTP/1.1" 200 OK
INFO:     127.0.0.1:62621 - "GET /live-api/api/v1/events/stream HTTP/1.1" 200 OK
Script health_monitor.py failed: Traceback (most recent call last):
  File "/Users/xiamingxing/Workspace/projects/l4-kernel/scripts/health_monitor.py", line 176, in <module>
    main()
    ~~~~^^
  File "/Users/xiamingxing/Workspace/projects/l4-kernel/scripts/health_monitor.py", line 159, in main
    result = check_health()
  File "/Users/xiamingxing/Workspace/projects/l4-kernel/scripts/health_monitor.py", line 33, in check_health
    registry = DomainRegistry(path_overrides=load_overrides_from_config(CONFIG_PATH))
                                             ~~~~~~~~~~~~~~~~~~~~~~~~~~^^^^^^^^^^^^^
  File "/Users/xiamingxing/Workspace/projects/l4-kernel/src/l4_kernel/config_loader.py", line 56, in load_overrides_from_config
    raise FileNotFoundError(
    ...<3 lines>...
    )
FileNotFoundError: l4 domain paths config not found: /Users/xiamingxing/Workspace/projects/l4-kernel/l4_domain_paths.toml. Create it with a [domain_paths] section before running production commands. See src/l4_kernel/config_loader.py for the TOML contract.

Script signal_analysis.py failed: Traceback (most recent call last):
  File "/Users/xiamingxing/Workspace/projects/l4-kernel/scripts/signal_analysis.py", line 285, in <module>
    main()
    ~~~~^^
  File "/Users/xiamingxing/Workspace/projects/l4-kernel/scripts/signal_analysis.py", line 264, in main
    signals = collect_signals(args.hours)
  File "/Users/xiamingxing/Workspace/projects/l4-kernel/scripts/signal_analysis.py", line 33, in collect_signals
    registry = DomainRegistry(path_overrides=load_overrides_from_config(CONFIG_PATH))
                                             ~~~~~~~~~~~~~~~~~~~~~~~~~~^^^^^^^^^^^^^
  File "/Users/xiamingxing/Workspace/projects/l4-kernel/src/l4_kernel/config_loader.py", line 56, in load_overrides_from_config
    raise FileNotFoundError(
    ...<3 lines>...
    )
FileNotFoundError: l4 domain paths config not found: /Users/xiamingxing/Workspace/projects/l4-kernel/l4_domain_paths.toml. Create it with a [domain_paths] section before running production commands. See src/l4_kernel/config_loader.py for the TOML contract.

Script health_monitor.py failed: Traceback (most recent call last):
  File "/Users/xiamingxing/Workspace/projects/l4-kernel/scripts/health_monitor.py", line 176, in <module>
    main()
    ~~~~^^
  File "/Users/xiamingxing/Workspace/projects/l4-kernel/scripts/health_monitor.py", line 159, in main
    result = check_health()
  File "/Users/xiamingxing/Workspace/projects/l4-kernel/scripts/health_monitor.py", line 33, in check_health
    registry = DomainRegistry(path_overrides=load_overrides_from_config(CONFIG_PATH))
                                             ~~~~~~~~~~~~~~~~~~~~~~~~~~^^^^^^^^^^^^^
  File "/Users/xiamingxing/Workspace/projects/l4-kernel/src/l4_kernel/config_loader.py", line 56, in load_overrides_from_config
    raise FileNotFoundError(
    ...<3 lines>...
    )
FileNotFoundError: l4 domain paths config not found: /Users/xiamingxing/Workspace/projects/l4-kernel/l4_domain_paths.toml. Create it with a [domain_paths] section before running production commands. See src/l4_kernel/config_loader.py for the TOML contract.

Script signal_analysis.py failed: Traceback (most recent call last):
  File "/Users/xiamingxing/Workspace/projects/l4-kernel/scripts/signal_analysis.py", line 285, in <module>
    main()
    ~~~~^^
  File "/Users/xiamingxing/Workspace/projects/l4-kernel/scripts/signal_analysis.py", line 264, in main
    signals = collect_signals(args.hours)
  File "/Users/xiamingxing/Workspace/projects/l4-kernel/scripts/signal_analysis.py", line 33, in collect_signals
    registry = DomainRegistry(path_overrides=load_overrides_from_config(CONFIG_PATH))
                                             ~~~~~~~~~~~~~~~~~~~~~~~~~~^^^^^^^^^^^^^
  File "/Users/xiamingxing/Workspace/projects/l4-kernel/src/l4_kernel/config_loader.py", line 56, in load_overrides_from_config
    raise FileNotFoundError(
    ...<3 lines>...
    )
FileNotFoundError: l4 domain paths config not found: /Users/xiamingxing/Workspace/projects/l4-kernel/l4_domain_paths.toml. Create it with a [domain_paths] section before running production commands. See src/l4_kernel/config_loader.py for the TOML contract.

INFO:     127.0.0.1:62621 - "GET /api/health/summary HTTP/1.1" 200 OK
INFO:     127.0.0.1:62620 - "GET /api/alerts?limit=3&status=active HTTP/1.1" 200 OK
Script health_monitor.py failed: Traceback (most recent call last):
  File "/Users/xiamingxing/Workspace/projects/l4-kernel/scripts/health_monitor.py", line 176, in <module>
    main()
    ~~~~^^
  File "/Users/xiamingxing/Workspace/projects/l4-kernel/scripts/health_monitor.py", line 159, in main
    result = check_health()
  File "/Users/xiamingxing/Workspace/projects/l4-kernel/scripts/health_monitor.py", line 33, in check_health
    registry = DomainRegistry(path_overrides=load_overrides_from_config(CONFIG_PATH))
                                             ~~~~~~~~~~~~~~~~~~~~~~~~~~^^^^^^^^^^^^^
  File "/Users/xiamingxing/Workspace/projects/l4-kernel/src/l4_kernel/config_loader.py", line 56, in load_overrides_from_config
    raise FileNotFoundError(
    ...<3 lines>...
    )
FileNotFoundError: l4 domain paths config not found: /Users/xiamingxing/Workspace/projects/l4-kernel/l4_domain_paths.toml. Create it with a [domain_paths] section before running production commands. See src/l4_kernel/config_loader.py for the TOML contract.

INFO:     127.0.0.1:62708 - "GET /api/tasks?limit=3&sort=updated HTTP/1.1" 200 OK
INFO:     127.0.0.1:62709 - "GET /api/metrics/trend?range=24h HTTP/1.1" 200 OK
INFO:     127.0.0.1:62711 - "GET /api/cockpit/system-map HTTP/1.1" 200 OK
INFO:     127.0.0.1:62710 - "GET /api/omos/thoughts HTTP/1.1" 200 OK
Script health_monitor.py failed: Traceback (most recent call last):
  File "/Users/xiamingxing/Workspace/projects/l4-kernel/scripts/health_monitor.py", line 176, in <module>
    main()
    ~~~~^^
  File "/Users/xiamingxing/Workspace/projects/l4-kernel/scripts/health_monitor.py", line 159, in main
    result = check_health()
  File "/Users/xiamingxing/Workspace/projects/l4-kernel/scripts/health_monitor.py", line 33, in check_health
    registry = DomainRegistry(path_overrides=load_overrides_from_config(CONFIG_PATH))
                                             ~~~~~~~~~~~~~~~~~~~~~~~~~~^^^^^^^^^^^^^
  File "/Users/xiamingxing/Workspace/projects/l4-kernel/src/l4_kernel/config_loader.py", line 56, in load_overrides_from_config
    raise FileNotFoundError(
    ...<3 lines>...
    )
FileNotFoundError: l4 domain paths config not found: /Users/xiamingxing/Workspace/projects/l4-kernel/l4_domain_paths.toml. Create it with a [domain_paths] section before running production commands. See src/l4_kernel/config_loader.py for the TOML contract.

Script signal_analysis.py failed: Traceback (most recent call last):
  File "/Users/xiamingxing/Workspace/projects/l4-kernel/scripts/signal_analysis.py", line 285, in <module>
    main()
    ~~~~^^
  File "/Users/xiamingxing/Workspace/projects/l4-kernel/scripts/signal_analysis.py", line 264, in main
    signals = collect_signals(args.hours)
  File "/Users/xiamingxing/Workspace/projects/l4-kernel/scripts/signal_analysis.py", line 33, in collect_signals
    registry = DomainRegistry(path_overrides=load_overrides_from_config(CONFIG_PATH))
                                             ~~~~~~~~~~~~~~~~~~~~~~~~~~^^^^^^^^^^^^^
  File "/Users/xiamingxing/Workspace/projects/l4-kernel/src/l4_kernel/config_loader.py", line 56, in load_overrides_from_config
    raise FileNotFoundError(
    ...<3 lines>...
    )
FileNotFoundError: l4 domain paths config not found: /Users/xiamingxing/Workspace/projects/l4-kernel/l4_domain_paths.toml. Create it with a [domain_paths] section before running production commands. See src/l4_kernel/config_loader.py for the TOML contract.

INFO:     127.0.0.1:63605 - "GET /api/alerts?limit=3&status=active HTTP/1.1" 200 OK
INFO:     Shutting down
INFO:     Waiting for application shutdown.
INFO:     Application shutdown complete.
INFO:     Finished server process [50894]
