{
  "ts": "2026-09-15T06:45:07Z",
  "checked": 0,
  "alerts": []
}
{
  "ts": "2026-09-15T07:15:07Z",
  "checked": 0,
  "alerts": []
}
{
  "ts": "2026-09-15T07:45:08Z",
  "checked": 0,
  "alerts": []
}
{
  "ts": "2026-09-15T08:15:09Z",
  "checked": 0,
  "alerts": []
}
{
  "ts": "2026-09-15T08:45:09Z",
  "checked": 0,
  "alerts": []
}
{
  "ts": "2026-09-15T09:15:09Z",
  "checked": 0,
  "alerts": []
}
{
  "ts": "2026-09-15T09:45:09Z",
  "checked": 0,
  "alerts": []
}
{
  "ts": "2026-09-15T10:15:09Z",
  "checked": 0,
  "alerts": []
}
{
  "ts": "2026-09-15T10:45:09Z",
  "checked": 0,
  "alerts": []
}
{
  "ts": "2026-09-15T11:15:09Z",
  "checked": 0,
  "alerts": []
}
{
  "ts": "2026-09-15T11:45:10Z",
  "checked": 0,
  "alerts": []
}
{
  "ts": "2026-09-15T12:15:10Z",
  "checked": 0,
  "alerts": []
}
{
  "ts": "2026-09-15T12:45:10Z",
  "checked": 0,
  "alerts": []
}
{
  "ts": "2026-09-15T13:15:10Z",
  "checked": 0,
  "alerts": []
}
{
  "ts": "2026-09-15T13:45:10Z",
  "checked": 0,
  "alerts": []
}
{
  "ts": "2026-09-15T14:15:10Z",
  "checked": 0,
  "alerts": []
}
{
  "ts": "2026-09-15T14:45:10Z",
  "checked": 0,
  "alerts": []
}
{
  "ts": "2026-09-15T15:15:10Z",
  "checked": 0,
  "alerts": []
}
{
  "ts": "2026-09-15T15:45:10Z",
  "checked": 0,
  "alerts": []
}
{
  "ts": "2026-09-15T16:15:10Z",
  "checked": 0,
  "alerts": []
}
{
  "ts": "2026-09-15T16:45:10Z",
  "checked": 0,
  "alerts": []
}
{
  "ts": "2026-09-15T17:15:10Z",
  "checked": 0,
  "alerts": []
}
{
  "ts": "2026-09-15T17:45:11Z",
  "checked": 0,
  "alerts": []
}
{
  "ts": "2026-09-15T18:15:11Z",
  "checked": 0,
  "alerts": []
}
{
  "ts": "2026-09-15T18:45:11Z",
  "checked": 0,
  "alerts": []
}
{
  "ts": "2026-09-15T19:15:11Z",
  "checked": 0,
  "alerts": []
}
{
  "ts": "2026-09-15T19:45:11Z",
  "checked": 0,
  "alerts": []
}
{
  "ts": "2026-09-15T20:15:11Z",
  "checked": 0,
  "alerts": []
}
{
  "ts": "2026-09-15T20:45:11Z",
  "checked": 0,
  "alerts": []
}
{
  "ts": "2026-09-15T21:15:11Z",
  "checked": 0,
  "alerts": []
}
{
  "ts": "2026-09-15T21:45:11Z",
  "checked": 0,
  "alerts": []
}
{
  "ts": "2026-09-15T22:15:11Z",
  "checked": 0,
  "alerts": []
}
{
  "ts": "2026-09-15T22:45:11Z",
  "checked": 0,
  "alerts": []
}
{
  "ts": "2026-09-15T23:15:12Z",
  "checked": 0,
  "alerts": []
}
{
  "ts": "2026-09-15T23:45:11Z",
  "checked": 0,
  "alerts": []
}
{
  "ts": "2026-09-16T00:15:11Z",
  "checked": 0,
  "alerts": []
}
{
  "ts": "2026-09-16T00:45:12Z",
  "checked": 0,
  "alerts": []
}
{
  "ts": "2026-09-16T01:15:12Z",
  "checked": 0,
  "alerts": []
}
{
  "ts": "2026-09-16T01:45:12Z",
  "checked": 0,
  "alerts": []
}
{
  "ts": "2026-09-16T02:15:12Z",
  "checked": 0,
  "alerts": []
}
{
  "ts": "2026-09-16T02:45:12Z",
  "checked": 0,
  "alerts": []
}
{
  "ts": "2026-09-16T03:15:12Z",
  "checked": 0,
  "alerts": []
}
{
  "ts": "2026-09-16T03:45:12Z",
  "checked": 0,
  "alerts": []
}
{
  "ts": "2026-09-16T04:15:12Z",
  "checked": 0,
  "alerts": []
}
{
  "ts": "2026-09-16T04:45:12Z",
  "checked": 0,
  "alerts": []
}
{
  "ts": "2026-09-16T05:15:13Z",
  "checked": 0,
  "alerts": []
}
{
  "ts": "2026-09-16T05:45:13Z",
  "checked": 0,
  "alerts": []
}
{
  "ts": "2026-09-16T06:15:13Z",
  "checked": 0,
  "alerts": []
}
{
  "ts": "2026-09-16T06:45:13Z",
  "checked": 0,
  "alerts": []
}
{
  "ts": "2026-09-16T07:15:13Z",
  "checked": 0,
  "alerts": []
}
{
  "ts": "2026-09-16T07:45:13Z",
  "checked": 0,
  "alerts": []
}
{
  "ts": "2026-09-16T08:15:13Z",
  "checked": 0,
  "alerts": []
}
{
  "ts": "2026-09-16T08:45:13Z",
  "checked": 0,
  "alerts": []
}
{
  "ts": "2026-09-16T09:15:13Z",
  "checked": 0,
  "alerts": []
}
{
  "ts": "2026-09-16T09:45:14Z",
  "checked": 0,
  "alerts": []
}
{
  "ts": "2026-09-16T10:15:14Z",
  "checked": 0,
  "alerts": []
}
{
  "ts": "2026-09-16T10:45:14Z",
  "checked": 0,
  "alerts": []
}
{
  "ts": "2026-09-16T11:15:14Z",
  "checked": 0,
  "alerts": []
}
{
  "ts": "2026-09-16T11:45:14Z",
  "checked": 0,
  "alerts": []
}
{
  "ts": "2026-09-16T12:15:14Z",
  "checked": 0,
  "alerts": []
}
{
  "ts": "2026-09-16T12:45:14Z",
  "checked": 0,
  "alerts": []
}
{
  "ts": "2026-09-16T13:15:14Z",
  "checked": 0,
  "alerts": []
}
{
  "ts": "2026-09-16T13:45:15Z",
  "checked": 0,
  "alerts": []
}
{
  "ts": "2026-09-16T14:15:15Z",
  "checked": 0,
  "alerts": []
}
{
  "ts": "2026-09-16T14:45:15Z",
  "checked": 0,
  "alerts": []
}
{
  "ts": "2026-09-16T15:15:15Z",
  "checked": 0,
  "alerts": []
}
{
  "ts": "2026-09-16T15:45:15Z",
  "checked": 0,
  "alerts": []
}
{
  "ts": "2026-09-16T16:15:15Z",
  "checked": 0,
  "alerts": []
}
{
  "ts": "2026-09-16T16:45:15Z",
  "checked": 0,
  "alerts": []
}
{
  "ts": "2026-09-16T17:15:15Z",
  "checked": 0,
  "alerts": []
}
{
  "ts": "2026-09-16T17:45:15Z",
  "checked": 0,
  "alerts": []
}
{
  "ts": "2026-09-16T18:15:16Z",
  "checked": 0,
  "alerts": []
}
{
  "ts": "2026-09-16T18:45:16Z",
  "checked": 0,
  "alerts": []
}
{
  "ts": "2026-09-16T19:15:16Z",
  "checked": 0,
  "alerts": []
}
{
  "ts": "2026-09-16T19:45:16Z",
  "checked": 0,
  "alerts": []
}
{
  "ts": "2026-09-16T20:15:16Z",
  "checked": 0,
  "alerts": []
}
{
  "ts": "2026-09-16T20:45:16Z",
  "checked": 0,
  "alerts": []
}
{
  "ts": "2026-09-16T21:15:16Z",
  "checked": 0,
  "alerts": []
}
{
  "ts": "2026-09-16T21:45:16Z",
  "checked": 0,
  "alerts": []
}
{
  "ts": "2026-09-16T22:15:16Z",
  "checked": 0,
  "alerts": []
}
{
  "ts": "2026-09-16T22:45:16Z",
  "checked": 0,
  "alerts": []
}
{
  "ts": "2026-09-16T23:15:16Z",
  "checked": 0,
  "alerts": []
}
{
  "ts": "2026-09-16T23:45:16Z",
  "checked": 0,
  "alerts": []
}
{
  "ts": "2026-09-17T00:15:16Z",
  "checked": 0,
  "alerts": []
}
{
  "ts": "2026-09-17T00:45:16Z",
  "checked": 0,
  "alerts": []
}
{
  "ts": "2026-09-17T01:15:17Z",
  "checked": 0,
  "alerts": []
}
{
  "ts": "2026-09-17T01:45:17Z",
  "checked": 0,
  "alerts": []
}
{
  "ts": "2026-09-17T02:15:17Z",
  "checked": 0,
  "alerts": []
}
{
  "ts": "2026-09-17T02:45:17Z",
  "checked": 0,
  "alerts": []
}
{
  "ts": "2026-09-17T03:15:18Z",
  "checked": 0,
  "alerts": []
}
{
  "ts": "2026-09-17T03:45:18Z",
  "checked": 0,
  "alerts": []
}
{
  "ts": "2026-09-17T04:15:18Z",
  "checked": 0,
  "alerts": []
}
{
  "ts": "2026-09-17T04:45:18Z",
  "checked": 0,
  "alerts": []
}
{
  "ts": "2026-09-17T05:15:18Z",
  "checked": 0,
  "alerts": []
}
{
  "ts": "2026-09-17T05:45:18Z",
  "checked": 0,
  "alerts": []
}
{
  "ts": "2026-09-17T06:15:18Z",
  "checked": 0,
  "alerts": []
}
{
  "ts": "2026-09-17T06:45:18Z",
  "checked": 0,
  "alerts": []
}
{
  "ts": "2026-09-17T07:15:18Z",
  "checked": 0,
  "alerts": []
}
{
  "ts": "2026-09-17T07:45:18Z",
  "checked": 0,
  "alerts": []
}
{
  "ts": "2026-09-17T08:15:19Z",
  "checked": 0,
  "alerts": []
}
{
  "ts": "2026-09-17T08:45:20Z",
  "checked": 0,
  "alerts": []
}
{
  "ts": "2026-09-17T09:15:20Z",
  "checked": 0,
  "alerts": []
}
{
  "ts": "2026-09-17T09:45:20Z",
  "checked": 0,
  "alerts": []
}
{
  "ts": "2026-09-17T10:15:20Z",
  "checked": 0,
  "alerts": []
}
{
  "ts": "2026-09-17T10:45:20Z",
  "checked": 0,
  "alerts": []
}
{
  "ts": "2026-09-17T11:15:20Z",
  "checked": 0,
  "alerts": []
}
{
  "ts": "2026-09-17T11:45:20Z",
  "checked": 0,
  "alerts": []
}
{
  "ts": "2026-09-17T12:15:21Z",
  "checked": 0,
  "alerts": []
}
{
  "ts": "2026-09-17T12:45:20Z",
  "checked": 0,
  "alerts": []
}
{
  "ts": "2026-09-17T13:15:21Z",
  "checked": 0,
  "alerts": []
}
{
  "ts": "2026-09-17T13:45:21Z",
  "checked": 0,
  "alerts": []
}
{
  "ts": "2026-09-17T14:15:21Z",
  "checked": 0,
  "alerts": []
}
{
  "ts": "2026-09-17T14:45:21Z",
  "checked": 0,
  "alerts": []
}
{
  "ts": "2026-09-17T15:15:21Z",
  "checked": 0,
  "alerts": []
}
{
  "ts": "2026-09-17T15:45:21Z",
  "checked": 0,
  "alerts": []
}
{
  "ts": "2026-09-17T16:15:21Z",
  "checked": 0,
  "alerts": []
}
{
  "ts": "2026-09-17T16:45:21Z",
  "checked": 0,
  "alerts": []
}
{
  "ts": "2026-09-17T17:15:21Z",
  "checked": 0,
  "alerts": []
}
{
  "ts": "2026-09-17T17:45:22Z",
  "checked": 0,
  "alerts": []
}
{
  "ts": "2026-09-17T18:15:22Z",
  "checked": 0,
  "alerts": []
}
{
  "ts": "2026-09-17T18:45:22Z",
  "checked": 0,
  "alerts": []
}
{
  "ts": "2026-09-17T19:15:22Z",
  "checked": 0,
  "alerts": []
}
{
  "ts": "2026-09-17T19:45:22Z",
  "checked": 0,
  "alerts": []
}
{
  "ts": "2026-09-17T20:15:22Z",
  "checked": 0,
  "alerts": []
}
{
  "ts": "2026-09-17T20:45:22Z",
  "checked": 0,
  "alerts": []
}
{
  "ts": "2026-09-17T21:15:22Z",
  "checked": 0,
  "alerts": []
}
{
  "ts": "2026-09-17T21:45:22Z",
  "checked": 0,
  "alerts": []
}
{
  "ts": "2026-09-17T22:15:22Z",
  "checked": 0,
  "alerts": []
}
{
  "ts": "2026-09-17T22:45:22Z",
  "checked": 0,
  "alerts": []
}
{
  "ts": "2026-09-17T23:15:23Z",
  "checked": 0,
  "alerts": []
}
{
  "ts": "2026-09-17T23:45:23Z",
  "checked": 0,
  "alerts": []
}
{
  "ts": "2026-09-18T00:15:23Z",
  "checked": 0,
  "alerts": []
}
{
  "ts": "2026-09-18T00:45:23Z",
  "checked": 0,
  "alerts": []
}
{
  "ts": "2026-09-18T01:15:23Z",
  "checked": 0,
  "alerts": []
}
{
  "ts": "2026-09-18T01:45:23Z",
  "checked": 0,
  "alerts": []
}
{
  "ts": "2026-09-18T02:15:23Z",
  "checked": 0,
  "alerts": []
}
{
  "ts": "2026-09-18T02:45:23Z",
  "checked": 0,
  "alerts": []
}
{
  "ts": "2026-09-18T03:15:23Z",
  "checked": 0,
  "alerts": []
}
{
  "ts": "2026-09-18T03:45:23Z",
  "checked": 0,
  "alerts": []
}
{
  "ts": "2026-09-18T04:15:23Z",
  "checked": 0,
  "alerts": []
}
{
  "ts": "2026-09-18T04:45:24Z",
  "checked": 0,
  "alerts": []
}
{
  "ts": "2026-09-18T05:15:24Z",
  "checked": 0,
  "alerts": []
}
{
  "ts": "2026-09-18T05:45:24Z",
  "checked": 0,
  "alerts": []
}
{
  "ts": "2026-09-18T06:15:24Z",
  "checked": 0,
  "alerts": []
}
{
  "ts": "2026-09-18T06:45:24Z",
  "checked": 0,
  "alerts": []
}
{
  "ts": "2026-09-18T07:15:24Z",
  "checked": 0,
  "alerts": []
}
{
  "ts": "2026-09-18T07:45:24Z",
  "checked": 0,
  "alerts": []
}
{
  "ts": "2026-09-18T08:15:24Z",
  "checked": 0,
  "alerts": []
}
{
  "ts": "2026-09-18T10:24:30Z",
  "checked": 0,
  "alerts": []
}
{
  "ts": "2026-09-18T10:54:31Z",
  "checked": 0,
  "alerts": []
}
{
  "ts": "2026-09-18T11:24:31Z",
  "checked": 0,
  "alerts": []
}
{
  "ts": "2026-09-18T11:54:31Z",
  "checked": 0,
  "alerts": []
}
{
  "ts": "2026-09-18T12:24:32Z",
  "checked": 0,
  "alerts": []
}
{
  "ts": "2026-09-18T12:54:32Z",
  "checked": 0,
  "alerts": []
}
{
  "ts": "2026-09-18T13:24:32Z",
  "checked": 0,
  "alerts": []
}
{
  "ts": "2026-09-18T13:54:32Z",
  "checked": 0,
  "alerts": []
}
{
  "ts": "2026-09-18T14:24:33Z",
  "checked": 0,
  "alerts": []
}
{
  "ts": "2026-09-18T14:54:33Z",
  "checked": 0,
  "alerts": []
}
{
  "ts": "2026-09-18T15:24:33Z",
  "checked": 0,
  "alerts": []
}
{
  "ts": "2026-09-18T15:54:33Z",
  "checked": 0,
  "alerts": []
}
{
  "ts": "2026-09-18T16:24:33Z",
  "checked": 0,
  "alerts": []
}
{
  "ts": "2026-09-18T16:54:33Z",
  "checked": 0,
  "alerts": []
}
{
  "ts": "2026-09-18T17:24:33Z",
  "checked": 0,
  "alerts": []
}
{
  "ts": "2026-09-18T17:54:33Z",
  "checked": 0,
  "alerts": []
}
{
  "ts": "2026-09-18T18:24:33Z",
  "checked": 0,
  "alerts": []
}
{
  "ts": "2026-09-18T18:54:33Z",
  "checked": 0,
  "alerts": []
}
{
  "ts": "2026-09-18T19:24:33Z",
  "checked": 0,
  "alerts": []
}
{
  "ts": "2026-09-18T19:54:33Z",
  "checked": 0,
  "alerts": []
}
{
  "ts": "2026-09-18T20:24:34Z",
  "checked": 0,
  "alerts": []
}
{
  "ts": "2026-09-18T20:54:34Z",
  "checked": 0,
  "alerts": []
}
{
  "ts": "2026-09-18T21:24:34Z",
  "checked": 0,
  "alerts": []
}
{
  "ts": "2026-09-18T21:54:34Z",
  "checked": 0,
  "alerts": []
}
{
  "ts": "2026-09-18T22:24:34Z",
  "checked": 0,
  "alerts": []
}
{
  "ts": "2026-09-18T22:54:34Z",
  "checked": 0,
  "alerts": []
}
{
  "ts": "2026-09-18T23:24:34Z",
  "checked": 0,
  "alerts": []
}
{
  "ts": "2026-09-18T23:54:34Z",
  "checked": 0,
  "alerts": []
}
{
  "ts": "2026-09-19T00:24:34Z",
  "checked": 0,
  "alerts": []
}
{
  "ts": "2026-09-19T00:54:35Z",
  "checked": 0,
  "alerts": []
}
{
  "ts": "2026-09-19T01:24:35Z",
  "checked": 0,
  "alerts": []
}
{
  "ts": "2026-09-19T01:54:35Z",
  "checked": 0,
  "alerts": []
}
{
  "ts": "2026-09-19T02:24:35Z",
  "checked": 0,
  "alerts": []
}
{
  "ts": "2026-09-19T02:54:35Z",
  "checked": 0,
  "alerts": []
}
{
  "ts": "2026-09-19T03:24:35Z",
  "checked": 0,
  "alerts": []
}
{
  "ts": "2026-09-19T03:54:35Z",
  "checked": 0,
  "alerts": []
}
{
  "ts": "2026-09-19T04:24:35Z",
  "checked": 0,
  "alerts": []
}
{
  "ts": "2026-09-19T04:54:35Z",
  "checked": 0,
  "alerts": []
}
{
  "ts": "2026-09-19T05:24:35Z",
  "checked": 0,
  "alerts": []
}
{
  "ts": "2026-09-19T05:54:35Z",
  "checked": 0,
  "alerts": []
}
{
  "ts": "2026-09-19T06:24:35Z",
  "checked": 0,
  "alerts": []
}
{
  "ts": "2026-09-19T06:54:36Z",
  "checked": 0,
  "alerts": []
}
{
  "ts": "2026-09-19T07:24:36Z",
  "checked": 0,
  "alerts": []
}
{
  "ts": "2026-09-19T07:54:36Z",
  "checked": 0,
  "alerts": []
}
{
  "ts": "2026-09-19T08:24:36Z",
  "checked": 0,
  "alerts": []
}
{
  "ts": "2026-09-19T08:54:36Z",
  "checked": 0,
  "alerts": []
}
{
  "ts": "2026-09-19T09:24:36Z",
  "checked": 0,
  "alerts": []
}
{
  "ts": "2026-09-19T09:54:36Z",
  "checked": 0,
  "alerts": []
}
{
  "ts": "2026-09-19T10:24:36Z",
  "checked": 0,
  "alerts": []
}
{
  "ts": "2026-09-19T10:54:36Z",
  "checked": 0,
  "alerts": []
}
{
  "ts": "2026-09-19T11:24:37Z",
  "checked": 0,
  "alerts": []
}
{
  "ts": "2026-09-19T11:54:37Z",
  "checked": 0,
  "alerts": []
}
{
  "ts": "2026-09-19T12:24:37Z",
  "checked": 0,
  "alerts": []
}
{
  "ts": "2026-09-19T12:54:37Z",
  "checked": 0,
  "alerts": []
}
{
  "ts": "2026-09-19T13:24:37Z",
  "checked": 0,
  "alerts": []
}
{
  "ts": "2026-09-19T13:54:37Z",
  "checked": 0,
  "alerts": []
}
{
  "ts": "2026-09-19T14:24:37Z",
  "checked": 0,
  "alerts": []
}
{
  "ts": "2026-09-19T14:54:37Z",
  "checked": 0,
  "alerts": []
}
{
  "ts": "2026-09-19T15:24:38Z",
  "checked": 0,
  "alerts": []
}
{
  "ts": "2026-09-19T15:54:38Z",
  "checked": 0,
  "alerts": []
}
{
  "ts": "2026-09-19T16:24:38Z",
  "checked": 0,
  "alerts": []
}
{
  "ts": "2026-09-19T16:54:38Z",
  "checked": 0,
  "alerts": []
}
{
  "ts": "2026-09-19T17:24:38Z",
  "checked": 0,
  "alerts": []
}
{
  "ts": "2026-09-19T17:54:38Z",
  "checked": 0,
  "alerts": []
}
{
  "ts": "2026-09-19T18:24:38Z",
  "checked": 0,
  "alerts": []
}
{
  "ts": "2026-09-19T18:54:38Z",
  "checked": 0,
  "alerts": []
}
{
  "ts": "2026-09-19T19:24:39Z",
  "checked": 0,
  "alerts": []
}
{
  "ts": "2026-09-19T19:54:39Z",
  "checked": 0,
  "alerts": []
}
{
  "ts": "2026-09-19T20:24:39Z",
  "checked": 0,
  "alerts": []
}
{
  "ts": "2026-09-19T20:54:39Z",
  "checked": 0,
  "alerts": []
}
{
  "ts": "2026-09-19T21:24:39Z",
  "checked": 0,
  "alerts": []
}
{
  "ts": "2026-09-19T21:54:39Z",
  "checked": 0,
  "alerts": []
}
{
  "ts": "2026-09-19T22:24:39Z",
  "checked": 0,
  "alerts": []
}
{
  "ts": "2026-09-19T22:54:39Z",
  "checked": 0,
  "alerts": []
}
{
  "ts": "2026-09-19T23:24:39Z",
  "checked": 0,
  "alerts": []
}
{
  "ts": "2026-09-19T23:54:39Z",
  "checked": 0,
  "alerts": []
}
{
  "ts": "2026-09-20T01:07:39Z",
  "checked": 0,
  "alerts": []
}
{
  "ts": "2026-09-20T01:31:06Z",
  "checked": 0,
  "alerts": []
}
{
  "ts": "2026-09-20T02:01:06Z",
  "checked": 0,
  "alerts": []
}
{
  "ts": "2026-09-20T02:31:06Z",
  "checked": 0,
  "alerts": []
}
{
  "ts": "2026-09-20T03:01:14Z",
  "checked": 0,
  "alerts": []
}
{
  "ts": "2026-09-20T03:31:16Z",
  "checked": 0,
  "alerts": []
}
{
  "ts": "2026-09-20T04:01:16Z",
  "checked": 0,
  "alerts": []
}
{
  "ts": "2026-09-20T04:31:16Z",
  "checked": 0,
  "alerts": []
}
{
  "ts": "2026-09-20T05:01:16Z",
  "checked": 0,
  "alerts": []
}
{
  "ts": "2026-09-20T05:31:16Z",
  "checked": 0,
  "alerts": []
}
{
  "ts": "2026-09-20T06:01:17Z",
  "checked": 0,
  "alerts": []
}
{
  "ts": "2026-09-20T06:31:17Z",
  "checked": 0,
  "alerts": []
}
{
  "ts": "2026-09-20T07:01:17Z",
  "checked": 0,
  "alerts": []
}
{
  "ts": "2026-09-20T07:31:17Z",
  "checked": 0,
  "alerts": []
}
{
  "ts": "2026-09-20T08:01:17Z",
  "checked": 0,
  "alerts": []
}
{
  "ts": "2026-09-20T08:31:17Z",
  "checked": 0,
  "alerts": []
}
{
  "ts": "2026-09-20T09:01:17Z",
  "checked": 0,
  "alerts": []
}
{
  "ts": "2026-09-20T09:31:17Z",
  "checked": 0,
  "alerts": []
}
{
  "ts": "2026-09-20T10:01:17Z",
  "checked": 0,
  "alerts": []
}
{
  "ts": "2026-09-20T10:31:17Z",
  "checked": 0,
  "alerts": []
}
{
  "ts": "2026-09-20T11:01:17Z",
  "checked": 0,
  "alerts": []
}
{
  "ts": "2026-09-20T11:31:18Z",
  "checked": 0,
  "alerts": []
}
{
  "ts": "2026-09-20T12:01:18Z",
  "checked": 0,
  "alerts": []
}
{
  "ts": "2026-09-20T12:31:18Z",
  "checked": 0,
  "alerts": []
}
{
  "ts": "2026-09-20T13:01:18Z",
  "checked": 0,
  "alerts": []
}
{
  "ts": "2026-09-20T13:31:18Z",
  "checked": 0,
  "alerts": []
}
{
  "ts": "2026-09-20T14:01:18Z",
  "checked": 0,
  "alerts": []
}
{
  "ts": "2026-09-20T14:31:18Z",
  "checked": 0,
  "alerts": []
}
{
  "ts": "2026-09-20T15:01:18Z",
  "checked": 0,
  "alerts": []
}
{
  "ts": "2026-09-20T15:31:18Z",
  "checked": 0,
  "alerts": []
}
{
  "ts": "2026-09-20T16:01:18Z",
  "checked": 0,
  "alerts": []
}
{
  "ts": "2026-09-20T16:31:19Z",
  "checked": 0,
  "alerts": []
}
{
  "ts": "2026-09-20T17:01:19Z",
  "checked": 0,
  "alerts": []
}
{
  "ts": "2026-09-20T17:31:19Z",
  "checked": 0,
  "alerts": []
}
{
  "ts": "2026-09-20T18:01:19Z",
  "checked": 0,
  "alerts": []
}
{
  "ts": "2026-09-20T18:31:19Z",
  "checked": 0,
  "alerts": []
}
{
  "ts": "2026-09-20T19:01:19Z",
  "checked": 0,
  "alerts": []
}
{
  "ts": "2026-09-20T19:31:19Z",
  "checked": 0,
  "alerts": []
}
{
  "ts": "2026-09-20T20:01:19Z",
  "checked": 0,
  "alerts": []
}
{
  "ts": "2026-09-20T20:31:19Z",
  "checked": 0,
  "alerts": []
}
{
  "ts": "2026-09-20T21:01:19Z",
  "checked": 0,
  "alerts": []
}
{
  "ts": "2026-09-20T21:31:19Z",
  "checked": 0,
  "alerts": []
}
{
  "ts": "2026-09-20T22:01:20Z",
  "checked": 0,
  "alerts": []
}
{
  "ts": "2026-09-20T22:31:20Z",
  "checked": 0,
  "alerts": []
}
{
  "ts": "2026-09-20T23:01:20Z",
  "checked": 0,
  "alerts": []
}
{
  "ts": "2026-09-20T23:31:20Z",
  "checked": 0,
  "alerts": []
}
{
  "ts": "2026-09-21T00:01:20Z",
  "checked": 0,
  "alerts": []
}
{
  "ts": "2026-09-21T00:31:20Z",
  "checked": 0,
  "alerts": []
}
{
  "ts": "2026-09-21T01:01:20Z",
  "checked": 0,
  "alerts": []
}
{
  "ts": "2026-09-21T01:31:20Z",
  "checked": 0,
  "alerts": []
}
{
  "ts": "2026-09-21T02:01:20Z",
  "checked": 0,
  "alerts": []
}
{
  "ts": "2026-09-21T02:31:20Z",
  "checked": 0,
  "alerts": []
}
{
  "ts": "2026-09-21T03:01:21Z",
  "checked": 0,
  "alerts": []
}
{
  "ts": "2026-09-21T03:31:21Z",
  "checked": 0,
  "alerts": []
}
{
  "ts": "2026-09-21T04:01:21Z",
  "checked": 0,
  "alerts": []
}
{
  "ts": "2026-09-21T04:31:21Z",
  "checked": 0,
  "alerts": []
}
{
  "ts": "2026-09-21T05:01:21Z",
  "checked": 0,
  "alerts": []
}
{
  "ts": "2026-09-21T05:31:21Z",
  "checked": 0,
  "alerts": []
}
{
  "ts": "2026-09-21T06:01:21Z",
  "checked": 0,
  "alerts": []
}
{
  "ts": "2026-09-21T06:31:21Z",
  "checked": 0,
  "alerts": []
}
{
  "ts": "2026-09-21T07:01:21Z",
  "checked": 0,
  "alerts": []
}
{
  "ts": "2026-09-21T07:31:22Z",
  "checked": 0,
  "alerts": []
}
{
  "ts": "2026-09-21T08:01:22Z",
  "checked": 0,
  "alerts": []
}
{
  "ts": "2026-09-21T08:31:22Z",
  "checked": 0,
  "alerts": []
}
{
  "ts": "2026-09-21T09:01:22Z",
  "checked": 0,
  "alerts": []
}
{
  "ts": "2026-09-21T09:31:22Z",
  "checked": 0,
  "alerts": []
}
{
  "ts": "2026-09-21T10:01:22Z",
  "checked": 0,
  "alerts": []
}
{
  "ts": "2026-09-21T10:31:22Z",
  "checked": 0,
  "alerts": []
}
{
  "ts": "2026-09-21T11:01:22Z",
  "checked": 0,
  "alerts": []
}
{
  "ts": "2026-09-21T11:31:22Z",
  "checked": 0,
  "alerts": []
}
{
  "ts": "2026-09-21T12:01:22Z",
  "checked": 0,
  "alerts": []
}
{
  "ts": "2026-09-21T12:31:22Z",
  "checked": 0,
  "alerts": []
}
{
  "ts": "2026-09-21T13:01:23Z",
  "checked": 0,
  "alerts": []
}
{
  "ts": "2026-09-21T13:31:23Z",
  "checked": 0,
  "alerts": []
}
{
  "ts": "2026-09-21T14:01:23Z",
  "checked": 0,
  "alerts": []
}
{
  "ts": "2026-09-21T14:31:23Z",
  "checked": 0,
  "alerts": []
}
{
  "ts": "2026-09-21T15:01:23Z",
  "checked": 0,
  "alerts": []
}
{
  "ts": "2026-09-21T15:31:23Z",
  "checked": 0,
  "alerts": []
}
{
  "ts": "2026-09-21T16:01:23Z",
  "checked": 0,
  "alerts": []
}
{
  "ts": "2026-09-21T16:31:23Z",
  "checked": 0,
  "alerts": []
}
{
  "ts": "2026-09-21T17:01:23Z",
  "checked": 0,
  "alerts": []
}
{
  "ts": "2026-09-21T17:31:23Z",
  "checked": 0,
  "alerts": []
}
{
  "ts": "2026-09-21T18:01:24Z",
  "checked": 0,
  "alerts": []
}
{
  "ts": "2026-09-21T18:31:24Z",
  "checked": 0,
  "alerts": []
}
{
  "ts": "2026-09-21T19:01:24Z",
  "checked": 0,
  "alerts": []
}
{
  "ts": "2026-09-21T19:31:24Z",
  "checked": 0,
  "alerts": []
}
{
  "ts": "2026-09-21T20:01:24Z",
  "checked": 0,
  "alerts": []
}
{
  "ts": "2026-09-21T20:31:24Z",
  "checked": 0,
  "alerts": []
}
{
  "ts": "2026-09-21T21:01:24Z",
  "checked": 0,
  "alerts": []
}
{
  "ts": "2026-09-21T21:31:24Z",
  "checked": 0,
  "alerts": []
}
{
  "ts": "2026-09-21T22:01:24Z",
  "checked": 0,
  "alerts": []
}
{
  "ts": "2026-09-21T22:31:24Z",
  "checked": 0,
  "alerts": []
}
{
  "ts": "2026-09-21T23:01:24Z",
  "checked": 0,
  "alerts": []
}
{
  "ts": "2026-09-21T23:31:25Z",
  "checked": 0,
  "alerts": []
}
{
  "ts": "2026-09-22T00:01:25Z",
  "checked": 0,
  "alerts": []
}
{
  "ts": "2026-09-22T00:31:25Z",
  "checked": 0,
  "alerts": []
}
{
  "ts": "2026-09-22T01:01:25Z",
  "checked": 0,
  "alerts": []
}
{
  "ts": "2026-09-22T01:31:25Z",
  "checked": 0,
  "alerts": []
}
{
  "ts": "2026-09-22T02:01:25Z",
  "checked": 0,
  "alerts": []
}
{
  "ts": "2026-09-22T02:31:25Z",
  "checked": 0,
  "alerts": []
}
{
  "ts": "2026-09-22T03:01:25Z",
  "checked": 0,
  "alerts": []
}
{
  "ts": "2026-09-22T03:31:25Z",
  "checked": 0,
  "alerts": []
}
{
  "ts": "2026-09-22T04:01:26Z",
  "checked": 0,
  "alerts": []
}
{
  "ts": "2026-09-22T04:31:26Z",
  "checked": 0,
  "alerts": []
}
{
  "ts": "2026-09-22T05:01:26Z",
  "checked": 0,
  "alerts": []
}
{
  "ts": "2026-09-22T05:31:26Z",
  "checked": 0,
  "alerts": []
}
{
  "ts": "2026-09-22T06:01:26Z",
  "checked": 0,
  "alerts": []
}
{
  "ts": "2026-09-22T06:31:26Z",
  "checked": 0,
  "alerts": []
}
{
  "ts": "2026-09-22T07:01:26Z",
  "checked": 0,
  "alerts": []
}
{
  "ts": "2026-09-22T07:31:26Z",
  "checked": 0,
  "alerts": []
}
{
  "ts": "2026-09-22T08:01:26Z",
  "checked": 0,
  "alerts": []
}
{
  "ts": "2026-09-22T08:31:26Z",
  "checked": 0,
  "alerts": []
}
{
  "ts": "2026-09-22T09:01:27Z",
  "checked": 0,
  "alerts": []
}
{
  "ts": "2026-09-22T09:31:27Z",
  "checked": 0,
  "alerts": []
}
{
  "ts": "2026-09-22T10:01:27Z",
  "checked": 0,
  "alerts": []
}
{
  "ts": "2026-09-22T10:31:27Z",
  "checked": 0,
  "alerts": []
}
{
  "ts": "2026-09-22T11:01:27Z",
  "checked": 0,
  "alerts": []
}
{
  "ts": "2026-09-22T11:31:27Z",
  "checked": 0,
  "alerts": []
}
{
  "ts": "2026-09-22T12:01:27Z",
  "checked": 0,
  "alerts": []
}
{
  "ts": "2026-09-22T12:31:27Z",
  "checked": 0,
  "alerts": []
}
{
  "ts": "2026-09-22T13:01:27Z",
  "checked": 0,
  "alerts": []
}
{
  "ts": "2026-09-22T13:31:27Z",
  "checked": 0,
  "alerts": []
}
{
  "ts": "2026-09-22T14:01:27Z",
  "checked": 0,
  "alerts": []
}
{
  "ts": "2026-09-22T14:31:28Z",
  "checked": 0,
  "alerts": []
}
{
  "ts": "2026-09-22T15:01:28Z",
  "checked": 0,
  "alerts": []
}
{
  "ts": "2026-09-22T15:31:28Z",
  "checked": 0,
  "alerts": []
}
{
  "ts": "2026-09-22T16:01:28Z",
  "checked": 0,
  "alerts": []
}
{
  "ts": "2026-09-22T16:31:28Z",
  "checked": 0,
  "alerts": []
}
{
  "ts": "2026-09-22T17:01:28Z",
  "checked": 0,
  "alerts": []
}
{
  "ts": "2026-09-22T17:31:28Z",
  "checked": 0,
  "alerts": []
}
{
  "ts": "2026-09-22T18:01:28Z",
  "checked": 0,
  "alerts": []
}
{
  "ts": "2026-09-22T18:31:28Z",
  "checked": 0,
  "alerts": []
}
{
  "ts": "2026-09-22T19:01:28Z",
  "checked": 0,
  "alerts": []
}
{
  "ts": "2026-09-22T19:31:28Z",
  "checked": 0,
  "alerts": []
}
{
  "ts": "2026-09-22T20:01:29Z",
  "checked": 0,
  "alerts": []
}
{
  "ts": "2026-09-22T20:31:29Z",
  "checked": 0,
  "alerts": []
}
{
  "ts": "2026-09-22T21:01:29Z",
  "checked": 0,
  "alerts": []
}
{
  "ts": "2026-09-22T21:31:29Z",
  "checked": 0,
  "alerts": []
}
{
  "ts": "2026-09-22T22:01:29Z",
  "checked": 0,
  "alerts": []
}
{
  "ts": "2026-09-22T22:31:29Z",
  "checked": 0,
  "alerts": []
}
{
  "ts": "2026-09-22T23:01:29Z",
  "checked": 0,
  "alerts": []
}
{
  "ts": "2026-09-22T23:31:29Z",
  "checked": 0,
  "alerts": []
}
{
  "ts": "2026-09-23T00:01:29Z",
  "checked": 0,
  "alerts": []
}
{
  "ts": "2026-09-23T00:31:30Z",
  "checked": 0,
  "alerts": []
}
{
  "ts": "2026-09-23T01:01:30Z",
  "checked": 0,
  "alerts": []
}
{
  "ts": "2026-09-23T01:31:30Z",
  "checked": 0,
  "alerts": []
}
{
  "ts": "2026-09-23T02:01:31Z",
  "checked": 0,
  "alerts": []
}
{
  "ts": "2026-09-23T02:31:31Z",
  "checked": 0,
  "alerts": []
}
{
  "ts": "2026-09-23T03:01:31Z",
  "checked": 0,
  "alerts": []
}
{
  "ts": "2026-09-23T03:31:31Z",
  "checked": 0,
  "alerts": []
}
{
  "ts": "2026-09-23T04:01:31Z",
  "checked": 0,
  "alerts": []
}
{
  "ts": "2026-09-23T04:31:31Z",
  "checked": 0,
  "alerts": []
}
{
  "ts": "2026-09-23T05:01:31Z",
  "checked": 0,
  "alerts": []
}
{
  "ts": "2026-09-23T05:31:31Z",
  "checked": 0,
  "alerts": []
}
{
  "ts": "2026-09-23T06:01:32Z",
  "checked": 0,
  "alerts": []
}
{
  "ts": "2026-09-23T06:31:32Z",
  "checked": 0,
  "alerts": []
}
{
  "ts": "2026-09-23T07:01:32Z",
  "checked": 0,
  "alerts": []
}
{
  "ts": "2026-09-23T07:31:32Z",
  "checked": 0,
  "alerts": []
}
{
  "ts": "2026-09-23T08:01:33Z",
  "checked": 0,
  "alerts": []
}
{
  "ts": "2026-09-23T08:31:33Z",
  "checked": 0,
  "alerts": []
}
{
  "ts": "2026-09-23T09:01:33Z",
  "checked": 0,
  "alerts": []
}
{
  "ts": "2026-09-23T09:31:33Z",
  "checked": 0,
  "alerts": []
}
{
  "ts": "2026-09-23T10:01:33Z",
  "checked": 0,
  "alerts": []
}
{
  "ts": "2026-09-23T10:31:33Z",
  "checked": 0,
  "alerts": []
}
{
  "ts": "2026-09-23T11:01:33Z",
  "checked": 0,
  "alerts": []
}
{
  "ts": "2026-09-23T11:31:34Z",
  "checked": 0,
  "alerts": []
}
{
  "ts": "2026-09-23T12:01:34Z",
  "checked": 0,
  "alerts": []
}
{
  "ts": "2026-09-23T12:31:34Z",
  "checked": 0,
  "alerts": []
}
{
  "ts": "2026-09-23T13:01:34Z",
  "checked": 0,
  "alerts": []
}
{
  "ts": "2026-09-23T13:31:34Z",
  "checked": 0,
  "alerts": []
}
{
  "ts": "2026-09-23T14:01:34Z",
  "checked": 0,
  "alerts": []
}
{
  "ts": "2026-09-23T14:31:34Z",
  "checked": 0,
  "alerts": []
}
{
  "ts": "2026-09-23T15:01:34Z",
  "checked": 0,
  "alerts": []
}
{
  "ts": "2026-09-23T15:31:34Z",
  "checked": 0,
  "alerts": []
}
{
  "ts": "2026-09-23T16:01:34Z",
  "checked": 0,
  "alerts": []
}
{
  "ts": "2026-09-23T16:31:34Z",
  "checked": 0,
  "alerts": []
}
{
  "ts": "2026-09-23T17:01:34Z",
  "checked": 0,
  "alerts": []
}
{
  "ts": "2026-09-23T17:31:35Z",
  "checked": 0,
  "alerts": []
}
{
  "ts": "2026-09-23T18:01:35Z",
  "checked": 0,
  "alerts": []
}
{
  "ts": "2026-09-23T18:31:35Z",
  "checked": 0,
  "alerts": []
}
{
  "ts": "2026-09-23T19:01:35Z",
  "checked": 0,
  "alerts": []
}
{
  "ts": "2026-09-23T19:31:35Z",
  "checked": 0,
  "alerts": []
}
{
  "ts": "2026-09-23T20:01:35Z",
  "checked": 0,
  "alerts": []
}
{
  "ts": "2026-09-23T20:31:35Z",
  "checked": 0,
  "alerts": []
}
{
  "ts": "2026-09-23T21:01:35Z",
  "checked": 0,
  "alerts": []
}
{
  "ts": "2026-09-23T21:31:35Z",
  "checked": 0,
  "alerts": []
}
{
  "ts": "2026-09-23T22:01:35Z",
  "checked": 0,
  "alerts": []
}
{
  "ts": "2026-09-23T22:31:35Z",
  "checked": 0,
  "alerts": []
}
{
  "ts": "2026-09-23T23:01:36Z",
  "checked": 0,
  "alerts": []
}
{
  "ts": "2026-09-23T23:31:36Z",
  "checked": 0,
  "alerts": []
}
{
  "ts": "2026-09-24T00:01:36Z",
  "checked": 0,
  "alerts": []
}
{
  "ts": "2026-09-24T00:31:36Z",
  "checked": 0,
  "alerts": []
}
{
  "ts": "2026-09-24T01:01:36Z",
  "checked": 0,
  "alerts": []
}
{
  "ts": "2026-09-24T01:31:36Z",
  "checked": 0,
  "alerts": []
}
{
  "ts": "2026-09-24T02:01:36Z",
  "checked": 0,
  "alerts": []
}
{
  "ts": "2026-09-24T02:31:36Z",
  "checked": 0,
  "alerts": []
}
{
  "ts": "2026-09-24T03:01:36Z",
  "checked": 0,
  "alerts": []
}
{
  "ts": "2026-09-24T03:31:36Z",
  "checked": 0,
  "alerts": []
}
{
  "ts": "2026-09-24T04:01:36Z",
  "checked": 0,
  "alerts": []
}
{
  "ts": "2026-09-24T04:31:37Z",
  "checked": 0,
  "alerts": []
}
{
  "ts": "2026-09-24T05:01:37Z",
  "checked": 0,
  "alerts": []
}
{
  "ts": "2026-09-24T05:31:37Z",
  "checked": 0,
  "alerts": []
}
{
  "ts": "2026-09-24T06:01:37Z",
  "checked": 0,
  "alerts": []
}
{
  "ts": "2026-09-24T06:31:37Z",
  "checked": 0,
  "alerts": []
}
{
  "ts": "2026-09-24T07:01:37Z",
  "checked": 0,
  "alerts": []
}
{
  "ts": "2026-09-24T07:31:37Z",
  "checked": 0,
  "alerts": []
}
{
  "ts": "2026-09-24T08:01:37Z",
  "checked": 0,
  "alerts": []
}
{
  "ts": "2026-09-24T10:45:44Z",
  "checked": 0,
  "alerts": []
}
{
  "ts": "2026-09-24T10:54:58Z",
  "checked": 0,
  "alerts": []
}
{
  "ts": "2026-09-24T11:07:31Z",
  "checked": 0,
  "alerts": []
}
{
  "ts": "2026-09-24T11:37:31Z",
  "checked": 0,
  "alerts": []
}
{
  "ts": "2026-09-24T12:07:32Z",
  "checked": 0,
  "alerts": []
}
{
  "ts": "2026-09-24T12:37:37Z",
  "checked": 0,
  "alerts": []
}
{
  "ts": "2026-09-24T13:07:37Z",
  "checked": 0,
  "alerts": []
}
{
  "ts": "2026-09-24T13:37:37Z",
  "checked": 0,
  "alerts": []
}
{
  "ts": "2026-09-24T14:07:37Z",
  "checked": 0,
  "alerts": []
}
{
  "ts": "2026-09-24T14:37:38Z",
  "checked": 0,
  "alerts": []
}
{
  "ts": "2026-09-24T15:07:38Z",
  "checked": 0,
  "alerts": []
}
{
  "ts": "2026-09-24T15:37:38Z",
  "checked": 0,
  "alerts": []
}
{
  "ts": "2026-09-24T16:07:38Z",
  "checked": 0,
  "alerts": []
}
{
  "ts": "2026-09-24T16:37:38Z",
  "checked": 0,
  "alerts": []
}
{
  "ts": "2026-09-24T17:07:38Z",
  "checked": 0,
  "alerts": []
}
{
  "ts": "2026-09-24T17:37:38Z",
  "checked": 0,
  "alerts": []
}
{
  "ts": "2026-09-24T18:07:38Z",
  "checked": 0,
  "alerts": []
}
{
  "ts": "2026-09-24T18:37:38Z",
  "checked": 0,
  "alerts": []
}
{
  "ts": "2026-09-24T19:07:38Z",
  "checked": 0,
  "alerts": []
}
{
  "ts": "2026-09-24T19:37:38Z",
  "checked": 0,
  "alerts": []
}
{
  "ts": "2026-09-24T20:07:39Z",
  "checked": 0,
  "alerts": []
}
{
  "ts": "2026-09-24T20:37:39Z",
  "checked": 0,
  "alerts": []
}
{
  "ts": "2026-09-24T21:07:39Z",
  "checked": 0,
  "alerts": []
}
{
  "ts": "2026-09-24T21:37:39Z",
  "checked": 0,
  "alerts": []
}
{
  "ts": "2026-09-24T22:07:39Z",
  "checked": 0,
  "alerts": []
}
{
  "ts": "2026-09-24T22:37:39Z",
  "checked": 0,
  "alerts": []
}
{
  "ts": "2026-09-24T23:07:39Z",
  "checked": 0,
  "alerts": []
}
{
  "ts": "2026-09-24T23:37:39Z",
  "checked": 0,
  "alerts": []
}
{
  "ts": "2026-09-25T01:08:00Z",
  "checked": 0,
  "alerts": []
}
{
  "ts": "2026-09-25T01:38:00Z",
  "checked": 0,
  "alerts": []
}
{
  "ts": "2026-09-25T02:08:00Z",
  "checked": 0,
  "alerts": []
}
{
  "ts": "2026-09-25T02:38:00Z",
  "checked": 0,
  "alerts": []
}
{
  "ts": "2026-09-25T03:08:00Z",
  "checked": 0,
  "alerts": []
}
