[knowledge-sediment] sediment_written kind=lifecycle run=20260924T234913Z-submodule-pointer-bump-64fe16d0 path=20260924T234913Z-submodule-pointer-bump-64fe16d0.md
[knowledge-sediment] sediment_written kind=lifecycle run=20260925T013721Z-project-code-change-114a9adf path=20260925T013721Z-project-code-change-114a9adf.md
[knowledge-sediment] sediment_written kind=success run=20260925T013721Z-project-code-change-114a9adf path=20260925T013721Z-project-code-change-114a9adf.md
[knowledge-sediment] sediment_written kind=lifecycle run=20260925T013721Z-project-code-change-114a9adf path=20260925T013721Z-project-code-change-114a9adf.md
[knowledge-sediment] sediment_written kind=lifecycle run=20260925T013721Z-project-code-change-114a9adf path=20260925T013721Z-project-code-change-114a9adf.md
[knowledge-sediment] sediment_written kind=success run=20260925T013721Z-project-code-change-114a9adf path=20260925T013721Z-project-code-change-114a9adf.md
[knowledge-sediment] sediment_written kind=lifecycle run=20260925T014237Z-project-code-change-44d6eaf9 path=20260925T014237Z-project-code-change-44d6eaf9.md
[knowledge-sediment] sediment_written kind=lifecycle run=20260925T015027Z-observer-audit-1989c5e9 path=20260925T015027Z-observer-audit-1989c5e9.md
[knowledge-sediment] sediment_written kind=lifecycle run=20260925T015029Z-observer-audit-52453742 path=20260925T015029Z-observer-audit-52453742.md
[knowledge-sediment] sediment_written kind=lifecycle run=20260925T015106Z-mini-74e37236 path=20260925T015106Z-mini-74e37236.md
[knowledge-sediment] sediment_written kind=success run=20260925T015106Z-mini-74e37236 path=20260925T015106Z-mini-74e37236.md
[knowledge-sediment] sediment_written kind=lifecycle run=20260925T015106Z-mini-74e37236 path=20260925T015106Z-mini-74e37236.md
[knowledge-sediment] sediment_written kind=lifecycle run=20260925T015106Z-mini-74e37236 path=20260925T015106Z-mini-74e37236.md
[knowledge-sediment] sediment_written kind=success run=20260925T015106Z-mini-74e37236 path=20260925T015106Z-mini-74e37236.md
[knowledge-sediment] sediment_written kind=success run=20260925T015106Z-mini-74e37236 path=20260925T015106Z-mini-74e37236.md
[knowledge-sediment] sediment_written kind=lifecycle run=20260925T015106Z-mini-1f2d97d7 path=20260925T015106Z-mini-1f2d97d7.md
[knowledge-sediment] sediment_written kind=success run=20260925T015106Z-mini-1f2d97d7 path=20260925T015106Z-mini-1f2d97d7.md
[knowledge-sediment] sediment_written kind=lifecycle run=20260925T015106Z-mini-1f2d97d7 path=20260925T015106Z-mini-1f2d97d7.md
[knowledge-sediment] sediment_written kind=lifecycle run=20260925T015106Z-mini-1f2d97d7 path=20260925T015106Z-mini-1f2d97d7.md
[knowledge-sediment] sediment_written kind=success run=20260925T015106Z-mini-1f2d97d7 path=20260925T015106Z-mini-1f2d97d7.md
[knowledge-sediment] sediment_written kind=lifecycle run=20260925T015111Z-observer-mini-d4c4de6c path=20260925T015111Z-observer-mini-d4c4de6c.md
[knowledge-sediment] sediment_written kind=lifecycle run=20260925T015255Z-observer-audit-a6c80324 path=20260925T015255Z-observer-audit-a6c80324.md
[knowledge-sediment] sediment_written kind=lifecycle run=20260925T015256Z-observer-audit-e045a202 path=20260925T015256Z-observer-audit-e045a202.md
[knowledge-sediment] sediment_written kind=lifecycle run=20260925T015341Z-mini-9baebfca path=20260925T015341Z-mini-9baebfca.md
[knowledge-sediment] sediment_written kind=success run=20260925T015341Z-mini-9baebfca path=20260925T015341Z-mini-9baebfca.md
[knowledge-sediment] sediment_written kind=lifecycle run=20260925T015341Z-mini-9baebfca path=20260925T015341Z-mini-9baebfca.md
[knowledge-sediment] sediment_written kind=lifecycle run=20260925T015341Z-mini-9baebfca path=20260925T015341Z-mini-9baebfca.md
[knowledge-sediment] sediment_written kind=success run=20260925T015341Z-mini-9baebfca path=20260925T015341Z-mini-9baebfca.md
[knowledge-sediment] sediment_written kind=success run=20260925T015341Z-mini-9baebfca path=20260925T015341Z-mini-9baebfca.md
[knowledge-sediment] sediment_written kind=lifecycle run=20260925T015342Z-mini-bb00802a path=20260925T015342Z-mini-bb00802a.md
[knowledge-sediment] sediment_written kind=success run=20260925T015342Z-mini-bb00802a path=20260925T015342Z-mini-bb00802a.md
[knowledge-sediment] sediment_written kind=lifecycle run=20260925T015342Z-mini-bb00802a path=20260925T015342Z-mini-bb00802a.md
[knowledge-sediment] sediment_written kind=lifecycle run=20260925T015342Z-mini-bb00802a path=20260925T015342Z-mini-bb00802a.md
[knowledge-sediment] sediment_written kind=success run=20260925T015342Z-mini-bb00802a path=20260925T015342Z-mini-bb00802a.md
[knowledge-sediment] sediment_written kind=lifecycle run=20260925T015348Z-observer-mini-8f89128e path=20260925T015348Z-observer-mini-8f89128e.md
[knowledge-sediment] sediment_written kind=success run=20260925T014237Z-project-code-change-44d6eaf9 path=20260925T014237Z-project-code-change-44d6eaf9.md
[knowledge-sediment] sediment_written kind=lifecycle run=20260925T014237Z-project-code-change-44d6eaf9 path=20260925T014237Z-project-code-change-44d6eaf9.md
[knowledge-sediment] sediment_written kind=lifecycle run=20260925T014237Z-project-code-change-44d6eaf9 path=20260925T014237Z-project-code-change-44d6eaf9.md
[knowledge-sediment] sediment_written kind=success run=20260925T014237Z-project-code-change-44d6eaf9 path=20260925T014237Z-project-code-change-44d6eaf9.md
[knowledge-sediment] sediment_written kind=lifecycle run=20260925T015637Z-observer-audit-f19d1f5f path=20260925T015637Z-observer-audit-f19d1f5f.md
[knowledge-sediment] sediment_written kind=lifecycle run=20260925T015638Z-observer-audit-70b7cbfe path=20260925T015638Z-observer-audit-70b7cbfe.md
[knowledge-sediment] sediment_written kind=lifecycle run=20260925T015711Z-mini-ce108e32 path=20260925T015711Z-mini-ce108e32.md
[knowledge-sediment] sediment_written kind=success run=20260925T015711Z-mini-ce108e32 path=20260925T015711Z-mini-ce108e32.md
[knowledge-sediment] sediment_written kind=lifecycle run=20260925T015711Z-mini-ce108e32 path=20260925T015711Z-mini-ce108e32.md
[knowledge-sediment] sediment_written kind=lifecycle run=20260925T015711Z-mini-ce108e32 path=20260925T015711Z-mini-ce108e32.md
[knowledge-sediment] sediment_written kind=success run=20260925T015711Z-mini-ce108e32 path=20260925T015711Z-mini-ce108e32.md
[knowledge-sediment] sediment_written kind=success run=20260925T015711Z-mini-ce108e32 path=20260925T015711Z-mini-ce108e32.md
[knowledge-sediment] sediment_written kind=lifecycle run=20260925T015712Z-mini-78cd0a2e path=20260925T015712Z-mini-78cd0a2e.md
[knowledge-sediment] sediment_written kind=success run=20260925T015712Z-mini-78cd0a2e path=20260925T015712Z-mini-78cd0a2e.md
[knowledge-sediment] sediment_written kind=lifecycle run=20260925T015712Z-mini-78cd0a2e path=20260925T015712Z-mini-78cd0a2e.md
[knowledge-sediment] sediment_written kind=lifecycle run=20260925T015712Z-mini-78cd0a2e path=20260925T015712Z-mini-78cd0a2e.md
[knowledge-sediment] sediment_written kind=success run=20260925T015712Z-mini-78cd0a2e path=20260925T015712Z-mini-78cd0a2e.md
[knowledge-sediment] sediment_written kind=lifecycle run=20260925T015718Z-observer-mini-56b1cdf4 path=20260925T015718Z-observer-mini-56b1cdf4.md
[knowledge-sediment] sediment_written kind=success run=20260924T234913Z-submodule-pointer-bump-64fe16d0 path=20260924T234913Z-submodule-pointer-bump-64fe16d0.md
[knowledge-sediment] sediment_written kind=lifecycle run=20260924T234913Z-submodule-pointer-bump-64fe16d0 path=20260924T234913Z-submodule-pointer-bump-64fe16d0.md
[knowledge-sediment] sediment_written kind=lifecycle run=20260924T234913Z-submodule-pointer-bump-64fe16d0 path=20260924T234913Z-submodule-pointer-bump-64fe16d0.md
[knowledge-sediment] sediment_written kind=success run=20260924T234913Z-submodule-pointer-bump-64fe16d0 path=20260924T234913Z-submodule-pointer-bump-64fe16d0.md
[knowledge-sediment] sediment_written kind=success run=20260924T234913Z-submodule-pointer-bump-64fe16d0 path=20260924T234913Z-submodule-pointer-bump-64fe16d0.md
[knowledge-sediment] sediment_written kind=lifecycle run=20260925T031109Z-project-code-change-769a4583 path=20260925T031109Z-project-code-change-769a4583.md
