Makefile:818: warning: overriding commands for target `ops-metrics-server'
Makefile:782: warning: ignoring old commands for target `ops-metrics-server'
Makefile:878: warning: overriding commands for target `ops-dashboard'
Makefile:776: warning: ignoring old commands for target `ops-dashboard'
Makefile:882: warning: overriding commands for target `ops-alert'
Makefile:785: warning: ignoring old commands for target `ops-alert'
uv run --with pyyaml python bin/ssot/root-directory-governance-scan.py --check --json
make: uv: No such file or directory
make: *** [root-directory-governance] Error 1
Makefile:818: warning: overriding commands for target `ops-metrics-server'
Makefile:782: warning: ignoring old commands for target `ops-metrics-server'
Makefile:878: warning: overriding commands for target `ops-dashboard'
Makefile:776: warning: ignoring old commands for target `ops-dashboard'
Makefile:882: warning: overriding commands for target `ops-alert'
Makefile:785: warning: ignoring old commands for target `ops-alert'
uv run --with pyyaml python bin/ssot/root-directory-governance-scan.py --check --json
make: uv: No such file or directory
make: *** [root-directory-governance] Error 1
uv run --with pyyaml python bin/ssot/root-directory-governance-scan.py --check --json
make: uv: No such file or directory
make: *** [root-directory-governance] Error 1
uv run --with pyyaml python bin/ssot/root-directory-governance-scan.py --check --json
make: uv: No such file or directory
make: *** [root-directory-governance] Error 1
uv run --with pyyaml python bin/ssot/root-directory-governance-scan.py --check --json
make: uv: No such file or directory
make: *** [root-directory-governance] Error 1
uv run --with pyyaml python bin/ssot/root-directory-governance-scan.py --check --json
make: uv: No such file or directory
make: *** [root-directory-governance] Error 1
uv run --with pyyaml python bin/ssot/root-directory-governance-scan.py --check --json
make: uv: No such file or directory
make: *** [root-directory-governance] Error 1
uv run --with pyyaml python bin/ssot/root-directory-governance-scan.py --check --json
make: uv: No such file or directory
make: *** [root-directory-governance] Error 1
uv run --with pyyaml python bin/ssot/root-directory-governance-scan.py --check --json
make: uv: No such file or directory
make: *** [root-directory-governance] Error 1
uv run --with pyyaml python bin/ssot/root-directory-governance-scan.py --check --json
make: uv: No such file or directory
make: *** [root-directory-governance] Error 1
