=== L4 Harness cron run 2026-09-15T10:00:01Z ===
  shared: ok=ERR
  personal: ok=ERR
  vault: ok=ERR
  family: ok=ERR
  creative: ok=ERR
  opc: ok=ERR
  work-docs: ok=ERR
  work-weijian: ok=ERR
  work-guozhuan: ok=ERR
  work-liyongke: ok=ERR
  work-contracts: ok=ERR
  cockpit: ok=ERR
=== done: 0/12 ok, 12 failed ===
=== L4 Harness cron run 2026-09-15T16:00:00Z ===
  shared: ok=ERR
  personal: ok=ERR
  vault: ok=ERR
  family: ok=ERR
  creative: ok=ERR
  opc: ok=ERR
  work-docs: ok=ERR
  work-weijian: ok=ERR
  work-guozhuan: ok=ERR
  work-liyongke: ok=ERR
  work-contracts: ok=ERR
  cockpit: ok=ERR
=== done: 0/12 ok, 12 failed ===
=== L4 Harness cron run 2026-09-15T22:00:01Z ===
  shared: ok=ERR
  personal: ok=ERR
  vault: ok=ERR
  family: ok=ERR
  creative: ok=ERR
  opc: ok=ERR
  work-docs: ok=ERR
  work-weijian: ok=ERR
  work-guozhuan: ok=ERR
  work-liyongke: ok=ERR
  work-contracts: ok=ERR
  cockpit: ok=ERR
=== done: 0/12 ok, 12 failed ===
=== L4 Harness cron run 2026-09-16T04:00:00Z ===
  shared: ok=ERR
  personal: ok=ERR
  vault: ok=ERR
  family: ok=ERR
  creative: ok=ERR
  opc: ok=ERR
  work-docs: ok=ERR
  work-weijian: ok=ERR
  work-guozhuan: ok=ERR
  work-liyongke: ok=ERR
  work-contracts: ok=ERR
  cockpit: ok=ERR
=== done: 0/12 ok, 12 failed ===
=== L4 Harness cron run 2026-09-16T10:00:01Z ===
  shared: ok=ERR
  personal: ok=ERR
  vault: ok=ERR
  family: ok=ERR
  creative: ok=ERR
  opc: ok=ERR
  work-docs: ok=ERR
  work-weijian: ok=ERR
  work-guozhuan: ok=ERR
  work-liyongke: ok=ERR
  work-contracts: ok=ERR
  cockpit: ok=ERR
=== done: 0/12 ok, 12 failed ===
=== L4 Harness cron run 2026-09-16T16:00:00Z ===
  shared: ok=ERR
  personal: ok=ERR
  vault: ok=ERR
  family: ok=ERR
  creative: ok=ERR
  opc: ok=ERR
  work-docs: ok=ERR
  work-weijian: ok=ERR
  work-guozhuan: ok=ERR
  work-liyongke: ok=ERR
  work-contracts: ok=ERR
  cockpit: ok=ERR
=== done: 0/12 ok, 12 failed ===
=== L4 Harness cron run 2026-09-16T22:00:00Z ===
  shared: ok=ERR
  personal: ok=ERR
  vault: ok=ERR
  family: ok=ERR
  creative: ok=ERR
  opc: ok=ERR
  work-docs: ok=ERR
  work-weijian: ok=ERR
  work-guozhuan: ok=ERR
  work-liyongke: ok=ERR
  work-contracts: ok=ERR
  cockpit: ok=ERR
=== done: 0/12 ok, 12 failed ===
=== L4 Harness cron run 2026-09-17T04:00:00Z ===
  shared: ok=ERR
  personal: ok=ERR
  vault: ok=ERR
  family: ok=ERR
  creative: ok=ERR
  opc: ok=ERR
  work-docs: ok=ERR
  work-weijian: ok=ERR
  work-guozhuan: ok=ERR
  work-liyongke: ok=ERR
  work-contracts: ok=ERR
  cockpit: ok=ERR
=== done: 0/12 ok, 12 failed ===
=== L4 Harness cron run 2026-09-17T10:00:00Z ===
  shared: ok=ERR
  personal: ok=ERR
  vault: ok=ERR
  family: ok=ERR
  creative: ok=ERR
  opc: ok=ERR
  work-docs: ok=ERR
  work-weijian: ok=ERR
  work-guozhuan: ok=ERR
  work-liyongke: ok=ERR
  work-contracts: ok=ERR
  cockpit: ok=ERR
=== done: 0/12 ok, 12 failed ===
=== L4 Harness cron run 2026-09-17T16:00:00Z ===
  shared: ok=ERR
  personal: ok=ERR
  vault: ok=ERR
  family: ok=ERR
  creative: ok=ERR
  opc: ok=ERR
  work-docs: ok=ERR
  work-weijian: ok=ERR
  work-guozhuan: ok=ERR
  work-liyongke: ok=ERR
  work-contracts: ok=ERR
  cockpit: ok=ERR
=== done: 0/12 ok, 12 failed ===
=== L4 Harness cron run 2026-09-17T22:00:00Z ===
  shared: ok=ERR
  personal: ok=ERR
  vault: ok=ERR
  family: ok=ERR
  creative: ok=ERR
  opc: ok=ERR
  work-docs: ok=ERR
  work-weijian: ok=ERR
  work-guozhuan: ok=ERR
  work-liyongke: ok=ERR
  work-contracts: ok=ERR
  cockpit: ok=ERR
=== done: 0/12 ok, 12 failed ===
=== L4 Harness cron run 2026-09-18T04:00:00Z ===
  shared: ok=ERR
  personal: ok=ERR
  vault: ok=ERR
  family: ok=ERR
  creative: ok=ERR
  opc: ok=ERR
  work-docs: ok=ERR
  work-weijian: ok=ERR
  work-guozhuan: ok=ERR
  work-liyongke: ok=ERR
  work-contracts: ok=ERR
  cockpit: ok=ERR
=== done: 0/12 ok, 12 failed ===
=== L4 Harness cron run 2026-09-18T16:00:00Z ===
  shared: ok=ERR
  personal: ok=ERR
  vault: ok=ERR
  family: ok=ERR
  creative: ok=ERR
  opc: ok=ERR
  work-docs: ok=ERR
  work-weijian: ok=ERR
  work-guozhuan: ok=ERR
  work-liyongke: ok=ERR
  work-contracts: ok=ERR
  cockpit: ok=ERR
=== done: 0/12 ok, 12 failed ===
=== L4 Harness cron run 2026-09-18T22:00:00Z ===
  shared: ok=ERR
  personal: ok=ERR
  vault: ok=ERR
  family: ok=ERR
  creative: ok=ERR
  opc: ok=ERR
  work-docs: ok=ERR
  work-weijian: ok=ERR
  work-guozhuan: ok=ERR
  work-liyongke: ok=ERR
  work-contracts: ok=ERR
  cockpit: ok=ERR
=== done: 0/12 ok, 12 failed ===
=== L4 Harness cron run 2026-09-19T04:00:01Z ===
  shared: ok=ERR
  personal: ok=ERR
  vault: ok=ERR
  family: ok=ERR
  creative: ok=ERR
  opc: ok=ERR
  work-docs: ok=ERR
  work-weijian: ok=ERR
  work-guozhuan: ok=ERR
  work-liyongke: ok=ERR
  work-contracts: ok=ERR
  cockpit: ok=ERR
=== done: 0/12 ok, 12 failed ===
=== L4 Harness cron run 2026-09-19T10:00:01Z ===
  shared: ok=ERR
  personal: ok=ERR
  vault: ok=ERR
  family: ok=ERR
  creative: ok=ERR
  opc: ok=ERR
  work-docs: ok=ERR
  work-weijian: ok=ERR
  work-guozhuan: ok=ERR
  work-liyongke: ok=ERR
  work-contracts: ok=ERR
  cockpit: ok=ERR
=== done: 0/12 ok, 12 failed ===
=== L4 Harness cron run 2026-09-19T16:00:00Z ===
  shared: ok=ERR
  personal: ok=ERR
  vault: ok=ERR
  family: ok=ERR
  creative: ok=ERR
  opc: ok=ERR
  work-docs: ok=ERR
  work-weijian: ok=ERR
  work-guozhuan: ok=ERR
  work-liyongke: ok=ERR
  work-contracts: ok=ERR
  cockpit: ok=ERR
=== done: 0/12 ok, 12 failed ===
=== L4 Harness cron run 2026-09-19T22:00:00Z ===
  shared: ok=ERR
  personal: ok=ERR
  vault: ok=ERR
  family: ok=ERR
  creative: ok=ERR
  opc: ok=ERR
  work-docs: ok=ERR
  work-weijian: ok=ERR
  work-guozhuan: ok=ERR
  work-liyongke: ok=ERR
  work-contracts: ok=ERR
  cockpit: ok=ERR
=== done: 0/12 ok, 12 failed ===
=== L4 Harness cron run 2026-09-20T04:00:00Z ===
  shared: ok=ERR
  personal: ok=ERR
  vault: ok=ERR
  family: ok=ERR
  creative: ok=ERR
  opc: ok=ERR
  work-docs: ok=ERR
  work-weijian: ok=ERR
  work-guozhuan: ok=ERR
  work-liyongke: ok=ERR
  work-contracts: ok=ERR
  cockpit: ok=ERR
=== done: 0/12 ok, 12 failed ===
=== L4 Harness cron run 2026-09-20T10:00:00Z ===
  shared: ok=ERR
  personal: ok=ERR
  vault: ok=ERR
  family: ok=ERR
  creative: ok=ERR
  opc: ok=ERR
  work-docs: ok=ERR
  work-weijian: ok=ERR
  work-guozhuan: ok=ERR
  work-liyongke: ok=ERR
  work-contracts: ok=ERR
  cockpit: ok=ERR
=== done: 0/12 ok, 12 failed ===
=== L4 Harness cron run 2026-09-20T16:00:00Z ===
  shared: ok=ERR
  personal: ok=ERR
  vault: ok=ERR
  family: ok=ERR
  creative: ok=ERR
  opc: ok=ERR
  work-docs: ok=ERR
  work-weijian: ok=ERR
  work-guozhuan: ok=ERR
  work-liyongke: ok=ERR
  work-contracts: ok=ERR
  cockpit: ok=ERR
=== done: 0/12 ok, 12 failed ===
=== L4 Harness cron run 2026-09-20T22:00:01Z ===
  shared: ok=ERR
  personal: ok=ERR
  vault: ok=ERR
  family: ok=ERR
  creative: ok=ERR
  opc: ok=ERR
  work-docs: ok=ERR
  work-weijian: ok=ERR
  work-guozhuan: ok=ERR
  work-liyongke: ok=ERR
  work-contracts: ok=ERR
  cockpit: ok=ERR
=== done: 0/12 ok, 12 failed ===
=== L4 Harness cron run 2026-09-21T04:00:00Z ===
  shared: ok=ERR
  personal: ok=ERR
  vault: ok=ERR
  family: ok=ERR
  creative: ok=ERR
  opc: ok=ERR
  work-docs: ok=ERR
  work-weijian: ok=ERR
  work-guozhuan: ok=ERR
  work-liyongke: ok=ERR
  work-contracts: ok=ERR
  cockpit: ok=ERR
=== done: 0/12 ok, 12 failed ===
=== L4 Harness cron run 2026-09-21T10:00:00Z ===
  shared: ok=ERR
  personal: ok=ERR
  vault: ok=ERR
  family: ok=ERR
  creative: ok=ERR
  opc: ok=ERR
  work-docs: ok=ERR
  work-weijian: ok=ERR
  work-guozhuan: ok=ERR
  work-liyongke: ok=ERR
  work-contracts: ok=ERR
  cockpit: ok=ERR
=== done: 0/12 ok, 12 failed ===
=== L4 Harness cron run 2026-09-21T16:00:00Z ===
  shared: ok=ERR
  personal: ok=ERR
  vault: ok=ERR
  family: ok=ERR
  creative: ok=ERR
  opc: ok=ERR
  work-docs: ok=ERR
  work-weijian: ok=ERR
  work-guozhuan: ok=ERR
  work-liyongke: ok=ERR
  work-contracts: ok=ERR
  cockpit: ok=ERR
=== done: 0/12 ok, 12 failed ===
=== L4 Harness cron run 2026-09-21T22:00:00Z ===
  shared: ok=ERR
  personal: ok=ERR
  vault: ok=ERR
  family: ok=ERR
  creative: ok=ERR
  opc: ok=ERR
  work-docs: ok=ERR
  work-weijian: ok=ERR
  work-guozhuan: ok=ERR
  work-liyongke: ok=ERR
  work-contracts: ok=ERR
  cockpit: ok=ERR
=== done: 0/12 ok, 12 failed ===
=== L4 Harness cron run 2026-09-22T04:00:00Z ===
  shared: ok=ERR
  personal: ok=ERR
  vault: ok=ERR
  family: ok=ERR
  creative: ok=ERR
  opc: ok=ERR
  work-docs: ok=ERR
  work-weijian: ok=ERR
  work-guozhuan: ok=ERR
  work-liyongke: ok=ERR
  work-contracts: ok=ERR
  cockpit: ok=ERR
=== done: 0/12 ok, 12 failed ===
=== L4 Harness cron run 2026-09-22T10:00:00Z ===
  shared: ok=ERR
  personal: ok=ERR
  vault: ok=ERR
  family: ok=ERR
  creative: ok=ERR
  opc: ok=ERR
  work-docs: ok=ERR
  work-weijian: ok=ERR
  work-guozhuan: ok=ERR
  work-liyongke: ok=ERR
  work-contracts: ok=ERR
  cockpit: ok=ERR
=== done: 0/12 ok, 12 failed ===
=== L4 Harness cron run 2026-09-22T16:00:00Z ===
  shared: ok=ERR
  personal: ok=ERR
  vault: ok=ERR
  family: ok=ERR
  creative: ok=ERR
  opc: ok=ERR
  work-docs: ok=ERR
  work-weijian: ok=ERR
  work-guozhuan: ok=ERR
  work-liyongke: ok=ERR
  work-contracts: ok=ERR
  cockpit: ok=ERR
=== done: 0/12 ok, 12 failed ===
=== L4 Harness cron run 2026-09-22T22:00:00Z ===
  shared: ok=ERR
  personal: ok=ERR
  vault: ok=ERR
  family: ok=ERR
  creative: ok=ERR
  opc: ok=ERR
  work-docs: ok=ERR
  work-weijian: ok=ERR
  work-guozhuan: ok=ERR
  work-liyongke: ok=ERR
  work-contracts: ok=ERR
  cockpit: ok=ERR
=== done: 0/12 ok, 12 failed ===
=== L4 Harness cron run 2026-09-23T04:00:00Z ===
  shared: ok=ERR
  personal: ok=ERR
  vault: ok=ERR
  family: ok=ERR
  creative: ok=ERR
  opc: ok=ERR
  work-docs: ok=ERR
  work-weijian: ok=ERR
  work-guozhuan: ok=ERR
  work-liyongke: ok=ERR
  work-contracts: ok=ERR
  cockpit: ok=ERR
=== done: 0/12 ok, 12 failed ===
=== L4 Harness cron run 2026-09-23T10:00:00Z ===
  shared: ok=ERR
  personal: ok=ERR
  vault: ok=ERR
  family: ok=ERR
  creative: ok=ERR
  opc: ok=ERR
  work-docs: ok=ERR
  work-weijian: ok=ERR
  work-guozhuan: ok=ERR
  work-liyongke: ok=ERR
  work-contracts: ok=ERR
  cockpit: ok=ERR
=== done: 0/12 ok, 12 failed ===
=== L4 Harness cron run 2026-09-23T16:00:00Z ===
  shared: ok=ERR
  personal: ok=ERR
  vault: ok=ERR
  family: ok=ERR
  creative: ok=ERR
  opc: ok=ERR
  work-docs: ok=ERR
  work-weijian: ok=ERR
  work-guozhuan: ok=ERR
  work-liyongke: ok=ERR
  work-contracts: ok=ERR
  cockpit: ok=ERR
=== done: 0/12 ok, 12 failed ===
=== L4 Harness cron run 2026-09-23T22:00:00Z ===
  shared: ok=ERR
  personal: ok=ERR
  vault: ok=ERR
  family: ok=ERR
  creative: ok=ERR
  opc: ok=ERR
  work-docs: ok=ERR
  work-weijian: ok=ERR
  work-guozhuan: ok=ERR
  work-liyongke: ok=ERR
  work-contracts: ok=ERR
  cockpit: ok=ERR
=== done: 0/12 ok, 12 failed ===
=== L4 Harness cron run 2026-09-24T04:00:01Z ===
  shared: ok=ERR
  personal: ok=ERR
  vault: ok=ERR
  family: ok=ERR
  creative: ok=ERR
  opc: ok=ERR
  work-docs: ok=ERR
  work-weijian: ok=ERR
  work-guozhuan: ok=ERR
  work-liyongke: ok=ERR
  work-contracts: ok=ERR
  cockpit: ok=ERR
=== done: 0/12 ok, 12 failed ===
=== L4 Harness cron run 2026-09-24T16:00:00Z ===
  shared: ok=ERR
  personal: ok=ERR
  vault: ok=ERR
  family: ok=ERR
  creative: ok=ERR
  opc: ok=ERR
  work-docs: ok=ERR
  work-weijian: ok=ERR
  work-guozhuan: ok=ERR
  work-liyongke: ok=ERR
  work-contracts: ok=ERR
  cockpit: ok=ERR
=== done: 0/12 ok, 12 failed ===
=== L4 Harness cron run 2026-09-24T22:00:00Z ===
  shared: ok=ERR
  personal: ok=ERR
  vault: ok=ERR
  family: ok=ERR
  creative: ok=ERR
  opc: ok=ERR
  work-docs: ok=ERR
  work-weijian: ok=ERR
  work-guozhuan: ok=ERR
  work-liyongke: ok=ERR
  work-contracts: ok=ERR
  cockpit: ok=ERR
=== done: 0/12 ok, 12 failed ===
