log-rotate: 29 candidate(s), 13 over 5242880 bytes
  rotate: /Users/xiamingxing/Workspace/.omo/_log/autoloop-daily.log (876 bytes)
  rotate: /Users/xiamingxing/Workspace/.omo/_log/deadline-tracker.err (250 bytes)
  rotate: /Users/xiamingxing/Workspace/.omo/_log/mail-daemon.err (29755 bytes)
  rotate: /Users/xiamingxing/Workspace/.omo/_log/mail-daemon.log (320 bytes)
  rotate: /Users/xiamingxing/Workspace/.omo/_log/problem-detector-launchd.log (95 bytes)
  rotate: /Users/xiamingxing/Workspace/runtime/logs/gac-watchdog-stderr.log (3555 bytes)
  rotate: /Users/xiamingxing/Workspace/runtime/logs/mail-daemon-stderr.log (17999 bytes)
  rotate: /Users/xiamingxing/Workspace/runtime/logs/mail-daemon-stdout.log (320 bytes)
  rotate: /Users/xiamingxing/Workspace/runtime/logs/resident-sediment-stderr.log (963 bytes)
  rotate: /tmp/pipeline-morning.log (743 bytes)
  rotate: /tmp/push3.log (2598 bytes)
  rotate: /tmp/push4.log (807 bytes)
  rotate: /tmp/resident-daemon.log (14036 bytes)
log-rotate: 13 rotated
log-rotate: 39 candidate(s), 20 over 5242880 bytes
  rotate: /Users/xiamingxing/.agora/logs/daemon-stdout.log (520 bytes)
  rotate: /Users/xiamingxing/Workspace/.omo/_log/autoloop-daily.log (876 bytes)
  rotate: /Users/xiamingxing/Workspace/.omo/_log/mail-daemon.err (30714 bytes)
  rotate: /Users/xiamingxing/Workspace/.omo/_log/mail-daemon.log (448 bytes)
  rotate: /Users/xiamingxing/Workspace/.omo/_log/problem-detector-launchd.log (95 bytes)
  rotate: /Users/xiamingxing/Workspace/runtime/logs/mail-daemon-stderr.log (32216 bytes)
  rotate: /Users/xiamingxing/Workspace/runtime/logs/mail-daemon-stdout.log (448 bytes)
  rotate: /Users/xiamingxing/Workspace/runtime/logs/resident-sediment-stderr.log (2059 bytes)
  rotate: /tmp/dashboard_restart.log (18031 bytes)
  rotate: /tmp/dbg_final.log (1721 bytes)
  rotate: /tmp/dbg_final2.log (27817 bytes)
  rotate: /tmp/dbg_restart.log (1721 bytes)
  rotate: /tmp/doc-index.log (15390 bytes)
  rotate: /tmp/lint-output.log (120068 bytes)
  rotate: /tmp/ollama_test.log (64 bytes)
  rotate: /tmp/omo-push.log (22 bytes)
  rotate: /tmp/ont_check.log (940 bytes)
  rotate: /tmp/radar.log (1959 bytes)
  rotate: /tmp/ssot_check.log (1529 bytes)
  rotate: /tmp/wb-ext-debug.log (1032 bytes)
log-rotate: 20 rotated
log-rotate: 55 candidate(s), 33 over 5242880 bytes
  rotate: /Users/xiamingxing/Workspace/runtime/logs/gac-watchdog-stdout.log (7263164 bytes)
  rotate: /Users/xiamingxing/Workspace/.omo/_log/autoloop-daily.log (1211 bytes)
  rotate: /Users/xiamingxing/Workspace/.omo/_log/mail-daemon.err (38405 bytes)
  rotate: /Users/xiamingxing/Workspace/.omo/_log/mail-daemon.log (640 bytes)
  rotate: /Users/xiamingxing/Workspace/.omo/_log/problem-detector-launchd.log (95 bytes)
  rotate: /Users/xiamingxing/Workspace/runtime/logs/mail-daemon-stderr.log (41804 bytes)
  rotate: /Users/xiamingxing/Workspace/runtime/logs/mail-daemon-stdout.log (640 bytes)
  rotate: /tmp/a6-panorama-full.log (167 bytes)
  rotate: /tmp/a7-panorama-full.log (167 bytes)
  rotate: /tmp/a9-panorama-full.log (167 bytes)
  rotate: /tmp/a9-panorama-full2.log (167 bytes)
  rotate: /tmp/agent-cell-collector.log (167 bytes)
  rotate: /tmp/agent-cell-dashboard-refresh.log (167 bytes)
  rotate: /tmp/agent-cell-receipt-dashboard.log (167 bytes)
  rotate: /tmp/agent-cell-scheduler-dashboard.log (167 bytes)
  rotate: /tmp/gv-3834.log (388328 bytes)
  rotate: /tmp/panorama-after-a8.log (167 bytes)
  rotate: /tmp/panorama-final-a7.log (167 bytes)
  rotate: /tmp/panorama-final-a9.log (167 bytes)
  rotate: /tmp/panorama-final-full.log (167 bytes)
  rotate: /tmp/panorama-final2.log (167 bytes)
  rotate: /tmp/panorama-full.log (167 bytes)
  rotate: /tmp/pr3842-capability-drift.log (73197 bytes)
  rotate: /tmp/pr3856-cascading.log (85401 bytes)
  rotate: /tmp/pr3857-freshness.log (422417 bytes)
  rotate: /tmp/pr3893-governance-verify-failed.log (81 bytes)
  rotate: /tmp/pr3893-governance-verify.log (287989 bytes)
  rotate: /tmp/pr3893-job-api.err (99 bytes)
  rotate: /tmp/server_final.log (88164 bytes)
  rotate: /tmp/state-refresh-a7.log (217 bytes)
  rotate: /tmp/state-refresh-final-a7.log (217 bytes)
  rotate: /tmp/trial-records.jsonl (1394 bytes)
  rotate: /tmp/zhixing-panorama-refresh.log (167 bytes)
log-rotate: 33 rotated
log-rotate: 81 candidate(s), 46 over 5242880 bytes
  rotate: /Users/xiamingxing/Workspace/.omo/_log/autoloop-daily.log (592 bytes)
  rotate: /Users/xiamingxing/Workspace/.omo/_log/evolution-agent.log (12638 bytes)
  rotate: /Users/xiamingxing/Workspace/.omo/_log/mail-daemon.err (61678 bytes)
  rotate: /Users/xiamingxing/Workspace/.omo/_log/mail-daemon.log (832 bytes)
  rotate: /Users/xiamingxing/Workspace/.omo/_log/problem-detector-launchd.log (95 bytes)
  rotate: /Users/xiamingxing/Workspace/runtime/logs/mail-daemon-stderr.log (9120 bytes)
  rotate: /Users/xiamingxing/Workspace/runtime/logs/mail-daemon-stdout.log (192 bytes)
  rotate: /Users/xiamingxing/Workspace/runtime/logs/post-checkout-timing.log (1782 bytes)
  rotate: /Users/xiamingxing/Workspace/runtime/logs/resident-sediment-stderr.log (2517 bytes)
  rotate: /tmp/batchA-refresh.log (1082 bytes)
  rotate: /tmp/batchA-refresh2.log (1082 bytes)
  rotate: /tmp/batchA-refresh3.log (1082 bytes)
  rotate: /tmp/batchBC-refresh.log (39 bytes)
  rotate: /tmp/batchD-dbind.log (1082 bytes)
  rotate: /tmp/batchD-esc.log (1082 bytes)
  rotate: /tmp/batchD-final.log (1082 bytes)
  rotate: /tmp/batchD-restart.log (1082 bytes)
  rotate: /tmp/chrome-ss.err (11037 bytes)
  rotate: /tmp/e-restart.log (1082 bytes)
  rotate: /tmp/final-refresh.log (39 bytes)
  rotate: /tmp/fix-amber.log (1082 bytes)
  rotate: /tmp/fix-syntax-refresh.log (1082 bytes)
  rotate: /tmp/governance-verify-job.err (99 bytes)
  rotate: /tmp/launchctl-agent-cell.err (235 bytes)
  rotate: /tmp/multica-as0-launchd-env.err (1678 bytes)
  rotate: /tmp/omo-direct.log (2883 bytes)
  rotate: /tmp/pr3916-governance-verify-failed.log (81 bytes)
  rotate: /tmp/pr3916-governance-verify-full.log (392298 bytes)
  rotate: /tmp/release-cli-probe.log (2157 bytes)
  rotate: /tmp/release-ops-truth.log (2259 bytes)
  rotate: /tmp/release-perf-truth.log (2276 bytes)
  rotate: /tmp/release-scene-truth.log (2293 bytes)
  rotate: /tmp/release-submodule-fresh.log (111 bytes)
  rotate: /tmp/release-successor.log (116 bytes)
  rotate: /tmp/server_restart.log (86533 bytes)
  rotate: /tmp/ss.err (14263 bytes)
  rotate: /tmp/submodule-run.log (449418 bytes)
  rotate: /tmp/zhixing-dashboard.log (26186 bytes)
  rotate: /tmp/zx-final.log (977 bytes)
  rotate: /tmp/zx-last.log (977 bytes)
  rotate: /tmp/zx-r4.log (977 bytes)
  rotate: /tmp/zx-r5.log (977 bytes)
  rotate: /tmp/zx-r6.log (977 bytes)
  rotate: /tmp/zx-refresh.log (977 bytes)
  rotate: /tmp/zx-refresh2.log (39 bytes)
  rotate: /tmp/zx-refresh3.log (977 bytes)
log-rotate: 46 rotated
log-rotate: 62 candidate(s), 32 over 5242880 bytes
  rotate: /Users/xiamingxing/Workspace/.omo/_delivery/cockpit-dashboard-stderr.log (1056 bytes)
  rotate: /Users/xiamingxing/Workspace/.omo/_delivery/cockpit-dashboard-stdout.log (11480 bytes)
  rotate: /Users/xiamingxing/Workspace/.omo/_log/autoloop-daily.err (164 bytes)
  rotate: /Users/xiamingxing/Workspace/.omo/_log/autoloop-daily.log (2160 bytes)
  rotate: /Users/xiamingxing/Workspace/.omo/_log/evolution-agent.log (2395 bytes)
  rotate: /Users/xiamingxing/Workspace/.omo/_log/problem-detector-launchd.log (95 bytes)
  rotate: /Users/xiamingxing/Workspace/runtime/logs/post-checkout-timing.log (4708 bytes)
  rotate: /tmp/crontab-install.err (47 bytes)
  rotate: /tmp/crontab-reconcile-install.log (48 bytes)
  rotate: /tmp/crontab-setsid-install.log (47 bytes)
  rotate: /tmp/crontab-stdin-install.log (48 bytes)
  rotate: /tmp/final.log (250000 bytes)
  rotate: /tmp/gh_panorama.log (29848 bytes)
  rotate: /tmp/probe-strategy.err (746 bytes)
  rotate: /tmp/probe.log (60000 bytes)
  rotate: /tmp/probe2.log (60000 bytes)
  rotate: /tmp/probe3.log (80000 bytes)
  rotate: /tmp/probe4.log (80000 bytes)
  rotate: /tmp/probe5.log (150000 bytes)
  rotate: /tmp/probe6.log (150000 bytes)
  rotate: /tmp/probe7.log (200000 bytes)
  rotate: /tmp/recent.log (200000 bytes)
  rotate: /tmp/recent2.log (300000 bytes)
  rotate: /tmp/recent3.log (300000 bytes)
  rotate: /tmp/recent4.log (100000 bytes)
  rotate: /tmp/release-strategy-tiering.log (2264 bytes)
  rotate: /tmp/release-value-baseline.log (2395 bytes)
  rotate: /tmp/release-vbp.log (120 bytes)
  rotate: /tmp/topo-fix-refresh.log (1083 bytes)
  rotate: /tmp/wpsnote_probe.log (100 bytes)
  rotate: /tmp/x.err (186 bytes)
  rotate: /tmp/zhixing-crontab-fix.err (48 bytes)
log-rotate: 32 rotated
log-rotate: 87 candidate(s), 48 over 5242880 bytes
  rotate: /Users/xiamingxing/.agora/logs/daemon-stderr.log (285 bytes)
  rotate: /Users/xiamingxing/Workspace/.omo/_log/autoloop-daily.err (164 bytes)
  rotate: /Users/xiamingxing/Workspace/.omo/_log/autoloop-daily.log (2160 bytes)
  rotate: /Users/xiamingxing/Workspace/.omo/_log/evolution-agent.log (2325 bytes)
  rotate: /Users/xiamingxing/Workspace/.omo/_log/problem-detector-launchd.log (95 bytes)
  rotate: /Users/xiamingxing/Workspace/.omo/_log/signal-poller-launchd.log (635 bytes)
  rotate: /Users/xiamingxing/Workspace/runtime/logs/gac-watchdog-stderr.log (35313 bytes)
  rotate: /Users/xiamingxing/Workspace/runtime/logs/gac-watchdog-stdout.log (2660978 bytes)
  rotate: /Users/xiamingxing/Workspace/runtime/logs/post-checkout-timing.log (6634 bytes)
  rotate: /Users/xiamingxing/Workspace/runtime/logs/resident-sediment-stderr.log (17503 bytes)
  rotate: /tmp/agent-lsp-hook.log (268 bytes)
  rotate: /tmp/agora-events-test.jsonl (723 bytes)
  rotate: /tmp/g2.log (11481 bytes)
  rotate: /tmp/gac-gate-4088.log (106 bytes)
  rotate: /tmp/gac-gate-4094.log (106 bytes)
  rotate: /tmp/gac4088.log (21599 bytes)
  rotate: /tmp/gate-adr.log (5447 bytes)
  rotate: /tmp/gate2.log (199 bytes)
  rotate: /tmp/host-collector-hotfix.err (1479 bytes)
  rotate: /tmp/live-server-procinfo.err (51 bytes)
  rotate: /tmp/lms-mac-updater.log (72752 bytes)
  rotate: /tmp/lmstudio-server.err.log (75 bytes)
  rotate: /tmp/meta-doctor-live.err (175 bytes)
  rotate: /tmp/omo-lsremote.err (155 bytes)
  rotate: /tmp/pr-recovery.log (63 bytes)
  rotate: /tmp/pr4088-gac-failed.log (112 bytes)
  rotate: /tmp/pr4088-gac.err (98 bytes)
  rotate: /tmp/pr4088-governance-failed.log (112 bytes)
  rotate: /tmp/pr4094-gac-failed.log (112 bytes)
  rotate: /tmp/pr4094-governance-failed.log (112 bytes)
  rotate: /tmp/push.log (2632 bytes)
  rotate: /tmp/resident-daemon.log (14575 bytes)
  rotate: /tmp/t10-172-a8e-clone.log (59 bytes)
  rotate: /tmp/t10-172-clone.log (66 bytes)
  rotate: /tmp/t10-172-completion-bootstrap.log (5341 bytes)
  rotate: /tmp/t10-172-gac-local-gate.log (253 bytes)
  rotate: /tmp/t10-173-completion-bootstrap.log (5141 bytes)
  rotate: /tmp/t10-173-completion-gac.log (253 bytes)
  rotate: /tmp/t10-173-gac-reachable.log (253 bytes)
  rotate: /tmp/t10-173-gac.log (253 bytes)
  rotate: /tmp/t10-173-latest-clone.log (62 bytes)
  rotate: /tmp/t10-173-worktree.log (124 bytes)
  rotate: /tmp/t10-174-clean-clone.log (56 bytes)
  rotate: /tmp/t10-latest-clone.log (55 bytes)
  rotate: /tmp/v2serve.log (851 bytes)
  rotate: /tmp/v2serve2.log (103 bytes)
  rotate: /tmp/value-doctor-noauth.err (659 bytes)
  rotate: /tmp/wb-ext-debug.log (1032 bytes)
log-rotate: 48 rotated
log-rotate: 85 candidate(s), 40 over 5242880 bytes
  rotate: /Users/xiamingxing/.agora/logs/daemon-stdout.log (520 bytes)
  rotate: /Users/xiamingxing/Workspace/.omo/_log/autoloop-daily.err (164 bytes)
  rotate: /Users/xiamingxing/Workspace/.omo/_log/autoloop-daily.log (70 bytes)
  rotate: /Users/xiamingxing/Workspace/.omo/_log/evolution-agent.log (1088 bytes)
  rotate: /Users/xiamingxing/Workspace/.omo/_log/problem-detector-launchd.log (95 bytes)
  rotate: /Users/xiamingxing/Workspace/runtime/logs/post-checkout-timing.log (6206 bytes)
  rotate: /Users/xiamingxing/Workspace/runtime/logs/resident-sediment-stderr.log (13272 bytes)
  rotate: /tmp/agent-lsp-hook.log (299 bytes)
  rotate: /tmp/c2.log (319019 bytes)
  rotate: /tmp/c3.log (315211 bytes)
  rotate: /tmp/ci-4157.log (18366 bytes)
  rotate: /tmp/ci-4159.log (20653 bytes)
  rotate: /tmp/ci-failed-run.log (758866 bytes)
  rotate: /tmp/ci-watch-4158.log (149 bytes)
  rotate: /tmp/collect.log (319047 bytes)
  rotate: /tmp/final4-apply.log (251 bytes)
  rotate: /tmp/full.log (1900 bytes)
  rotate: /tmp/full2.log (551 bytes)
  rotate: /tmp/g-base.log (7214 bytes)
  rotate: /tmp/g-cov.log (199 bytes)
  rotate: /tmp/g138.log (13032 bytes)
  rotate: /tmp/gac-gate-4105.log (106 bytes)
  rotate: /tmp/gate-adr2.log (199 bytes)
  rotate: /tmp/gatejob.err (99 bytes)
  rotate: /tmp/gf.log (199 bytes)
  rotate: /tmp/gfinal.log (199 bytes)
  rotate: /tmp/gg.log (5306 bytes)
  rotate: /tmp/guardian-worktree.err (121 bytes)
  rotate: /tmp/gw-stderr.log (9784 bytes)
  rotate: /tmp/gw2-stderr.log (6969 bytes)
  rotate: /tmp/gw3-stderr.log (6968 bytes)
  rotate: /tmp/gw4-stderr.log (1850 bytes)
  rotate: /tmp/pr4123gate.log (194645 bytes)
  rotate: /tmp/push-pt.log (2837 bytes)
  rotate: /tmp/r1.log (26763 bytes)
  rotate: /tmp/r2.log (95992 bytes)
  rotate: /tmp/r3.log (69003 bytes)
  rotate: /tmp/start170.log (1037 bytes)
  rotate: /tmp/value-hardening-apply-check.log (251 bytes)
  rotate: /tmp/xcode-git.err (178 bytes)
log-rotate: 40 rotated
log-rotate: 33 candidate(s), 14 over 5242880 bytes
  rotate: /Users/xiamingxing/Workspace/.omo/_log/autoloop-daily.err (164 bytes)
  rotate: /Users/xiamingxing/Workspace/.omo/_log/autoloop-daily.log (1253 bytes)
  rotate: /Users/xiamingxing/Workspace/.omo/_log/evolution-agent.log (3553 bytes)
  rotate: /Users/xiamingxing/Workspace/.omo/_log/problem-detector-launchd.log (95 bytes)
  rotate: /Users/xiamingxing/Workspace/runtime/logs/post-checkout-timing.log (4922 bytes)
  rotate: /Users/xiamingxing/Workspace/runtime/logs/resident-sediment-stderr.log (7327 bytes)
  rotate: /tmp/a4-start.err (164 bytes)
  rotate: /tmp/final-panorama-a4.log (167 bytes)
  rotate: /tmp/final-panorama4.log (167 bytes)
  rotate: /tmp/final-refresh4.log (1105 bytes)
  rotate: /tmp/pr4212-watch.log (5870 bytes)
  rotate: /tmp/pr4215-watch.log (26646 bytes)
  rotate: /tmp/pr4218-watch.log (90 bytes)
  rotate: /tmp/t156-start.err (669 bytes)
log-rotate: 14 rotated
log-rotate: 47 candidate(s), 24 over 5242880 bytes
  rotate: /Users/xiamingxing/Workspace/.omo/_log/autoloop-daily.err (164 bytes)
  rotate: /Users/xiamingxing/Workspace/.omo/_log/autoloop-daily.log (1253 bytes)
  rotate: /Users/xiamingxing/Workspace/.omo/_log/evolution-agent.log (2319 bytes)
  rotate: /Users/xiamingxing/Workspace/.omo/_log/problem-detector-launchd.log (95 bytes)
  rotate: /Users/xiamingxing/Workspace/runtime/logs/main-workspace-commit-overrides.jsonl (236 bytes)
  rotate: /Users/xiamingxing/Workspace/runtime/logs/post-checkout-timing.log (5564 bytes)
  rotate: /Users/xiamingxing/Workspace/runtime/logs/resident-sediment-stderr.log (3843 bytes)
  rotate: /tmp/a4-start.log (822 bytes)
  rotate: /tmp/a4b-start.log (822 bytes)
  rotate: /tmp/agent-lsp-hook.log (303 bytes)
  rotate: /tmp/bench.err (170 bytes)
  rotate: /tmp/claims-doc-push.log (1183 bytes)
  rotate: /tmp/gc-main-watch.log (40155 bytes)
  rotate: /tmp/gcs-start.log (164 bytes)
  rotate: /tmp/gcs-start2.log (3574 bytes)
  rotate: /tmp/main-gc-latest.log (32481 bytes)
  rotate: /tmp/pr-brief-push.log (1242 bytes)
  rotate: /tmp/pr-pitfalls-push.log (1217 bytes)
  rotate: /tmp/pr4222-watch.log (8774 bytes)
  rotate: /tmp/pr4224-watch.log (53899 bytes)
  rotate: /tmp/pr4229-watch.log (26439 bytes)
  rotate: /tmp/pr4244-watch.log (9748 bytes)
  rotate: /tmp/pr4245-watch.log (14857 bytes)
  rotate: /tmp/t401-start.log (816 bytes)
log-rotate: 24 rotated
log-rotate: 50 candidate(s), 23 over 5242880 bytes
  rotate: /Users/xiamingxing/.agora/logs/daemon-stderr.log (570 bytes)
  rotate: /Users/xiamingxing/Workspace/.omo/_delivery/cockpit-dashboard-stderr.log (51399 bytes)
  rotate: /Users/xiamingxing/Workspace/.omo/_delivery/cockpit-dashboard-stdout.log (30853 bytes)
  rotate: /Users/xiamingxing/Workspace/.omo/_log/autoloop-daily.err (492 bytes)
  rotate: /Users/xiamingxing/Workspace/.omo/_log/autoloop-daily.log (4707 bytes)
  rotate: /Users/xiamingxing/Workspace/.omo/_log/problem-detector-launchd.log (285 bytes)
  rotate: /Users/xiamingxing/Workspace/.omo/_log/signal-poller-launchd.log (124 bytes)
  rotate: /Users/xiamingxing/Workspace/runtime/logs/post-checkout-timing.log (4280 bytes)
  rotate: /Users/xiamingxing/Workspace/runtime/logs/resident-sediment-stderr.log (4733 bytes)
  rotate: /tmp/agent-lsp-hook.log (101 bytes)
  rotate: /tmp/gac-gate-final.log (200 bytes)
  rotate: /tmp/lmstudio-server.err.log (75 bytes)
  rotate: /tmp/pr4289_mon2.log (6341 bytes)
  rotate: /tmp/pr4289_mon3.log (615 bytes)
  rotate: /tmp/pr4289_monitor.log (195 bytes)
  rotate: /tmp/pr4292_watch.log (3966 bytes)
  rotate: /tmp/push-p1b-bg.log (834 bytes)
  rotate: /tmp/push-retry.log (34 bytes)
  rotate: /tmp/push6.log (525 bytes)
  rotate: /tmp/push7.log (525 bytes)
  rotate: /tmp/push8.log (595 bytes)
  rotate: /tmp/resident-daemon.log (4088 bytes)
  rotate: /tmp/wb-ext-debug.log (2988 bytes)
log-rotate: 23 rotated
