{
 "ok": true,
 "row_counts": {
  "execution": 22,
  "calibration": 1,
  "lifecycle": 0
 },
 "baseline_before": {
  "calibration": 0,
  "execution": 1,
  "lifecycle": 0
 }
}
{
 "ok": true,
 "row_counts": {
  "execution": 53,
  "calibration": 1,
  "lifecycle": 0
 },
 "baseline_before": {
  "calibration": 0,
  "execution": 1,
  "lifecycle": 0
 }
}
{
 "ok": true,
 "row_counts": {
  "execution": 53,
  "calibration": 1,
  "lifecycle": 0
 },
 "baseline_before": {
  "calibration": 0,
  "execution": 1,
  "lifecycle": 0
 }
}
