[PASS] scene-knowledge-ingest
[PASS] scene-admin-classify
[PASS] scene-admin-collect
[PASS] scene-admin-compile
[PASS] scene-admin-forward
[PASS] scene-admin-inbox
[PASS] scene-admin-review
[PASS] scene-admin-submit
[PASS] scene-agora-bos-gateway
[PASS] scene-document-review
[PASS] scene-documents-accepted-release
[PASS] scene-documents-bridge-preflight
[PASS] scene-documents-cockpit-convergence
[PASS] scene-documents-cockpit-runtime
[PASS] scene-documents-concept-weave
[PASS] scene-documents-consumer-audit-modes
[PASS] scene-documents-consumer-audit
[PASS] scene-documents-consumer-tail
[PASS] scene-documents-consumer-tokenization
[PASS] scene-documents-contract-ocr
[PASS] scene-documents-controller-preflight
[PASS] scene-documents-convergence-preflight
[PASS] scene-documents-domain-sync
[PASS] scene-documents-execution-retirement
[PASS] scene-documents-family-runtime
[PASS] scene-documents-freshness
[PASS] scene-documents-guizi-scripts
[PASS] scene-documents-guizi-symlinks
[PASS] scene-documents-guizi-tools
[PASS] scene-documents-guozhuan-symlinks
[PASS] scene-documents-guozhuan-tools
[PASS] scene-documents-l4-convergence
[PASS] scene-documents-learning-control
[PASS] scene-documents-learning-helpers
[PASS] scene-documents-ocr-cutover
[PASS] scene-documents-ocr-preflight
[PASS] scene-documents-opc-runtime
[PASS] scene-documents-owner-job
[PASS] scene-documents-predictor-preflight
[PASS] scene-documents-public-runtime
[PASS] scene-documents-release-root
[PASS] scene-documents-root-control-tools
[PASS] scene-documents-root-oneoff
[PASS] scene-documents-root-tools
[PASS] scene-documents-schedule-cutover
[PASS] scene-documents-signals-preflight
[PASS] scene-documents-vault-health
[PASS] scene-documents-weijian-cleanup
[PASS] scene-documents-weijian-control
[PASS] scene-documents-weijian-runtime
[PASS] scene-documents-workspace-watch
[PASS] scene-documents-zcode-config
[PASS] scene-documents-zcode-state
[PASS] scene-engineering-delivery
[PASS] scene-health-archive
[PASS] scene-health-intake
[PASS] scene-health-visit-prep
[PASS] scene-health-visit
[PASS] scene-inbox-to-decision
[PASS] scene-knowledge-curation
[PASS] scene-meeting-supervision
[PASS] scene-meeting-to-delivery
[PASS] scene-periodic-reporting
[PASS] scene-project-supervision
[PASS] scene-research-pipeline
[PASS] scene-research-to-insight
[PASS] scene-unified-inbox
[PASS] scene-knowledge-ingest
[PASS] scene-admin-classify
[PASS] scene-admin-collect
[PASS] scene-admin-compile
[PASS] scene-admin-forward
[PASS] scene-admin-inbox
[PASS] scene-admin-review
[PASS] scene-admin-submit
[PASS] scene-agora-bos-gateway
[PASS] scene-document-review
[PASS] scene-documents-accepted-release
[PASS] scene-documents-bridge-preflight
[PASS] scene-documents-cockpit-convergence
[PASS] scene-documents-cockpit-runtime
[PASS] scene-documents-concept-weave
[PASS] scene-documents-consumer-audit-modes
[PASS] scene-documents-consumer-audit
[PASS] scene-documents-consumer-tail
[PASS] scene-documents-consumer-tokenization
[PASS] scene-documents-contract-ocr
[PASS] scene-documents-controller-preflight
[PASS] scene-documents-convergence-preflight
[PASS] scene-documents-domain-sync
[PASS] scene-documents-execution-retirement
[PASS] scene-documents-family-runtime
[PASS] scene-documents-freshness
[PASS] scene-documents-guizi-scripts
[PASS] scene-documents-guizi-symlinks
[PASS] scene-documents-guizi-tools
[PASS] scene-documents-guozhuan-symlinks
[PASS] scene-documents-guozhuan-tools
[PASS] scene-documents-l4-convergence
[PASS] scene-documents-learning-control
[PASS] scene-documents-learning-helpers
[PASS] scene-documents-ocr-cutover
[PASS] scene-documents-ocr-preflight
[PASS] scene-documents-opc-runtime
[PASS] scene-documents-owner-job
[PASS] scene-documents-predictor-preflight
[PASS] scene-documents-public-runtime
[PASS] scene-documents-release-root
[PASS] scene-documents-root-control-tools
[PASS] scene-documents-root-oneoff
[PASS] scene-documents-root-tools
[PASS] scene-documents-schedule-cutover
[PASS] scene-documents-signals-preflight
[PASS] scene-documents-vault-health
[PASS] scene-documents-weijian-cleanup
[PASS] scene-documents-weijian-control
[PASS] scene-documents-weijian-runtime
[PASS] scene-documents-workspace-watch
[PASS] scene-documents-zcode-config
[PASS] scene-documents-zcode-state
[PASS] scene-engineering-delivery
[PASS] scene-health-archive
[PASS] scene-health-intake
[PASS] scene-health-visit-prep
[PASS] scene-health-visit
[PASS] scene-inbox-to-decision
[PASS] scene-knowledge-curation
[PASS] scene-meeting-supervision
[PASS] scene-meeting-to-delivery
[PASS] scene-periodic-reporting
[PASS] scene-project-supervision
[PASS] scene-research-pipeline
[PASS] scene-research-to-insight
[PASS] scene-unified-inbox
[PASS] scene-knowledge-ingest
[PASS] scene-admin-classify
[PASS] scene-admin-collect
[PASS] scene-admin-compile
[PASS] scene-admin-forward
[PASS] scene-admin-inbox
[PASS] scene-admin-review
[PASS] scene-admin-submit
[PASS] scene-agora-bos-gateway
[PASS] scene-document-review
[PASS] scene-documents-accepted-release
[PASS] scene-documents-bridge-preflight
[PASS] scene-documents-cockpit-convergence
[PASS] scene-documents-cockpit-runtime
[PASS] scene-documents-concept-weave
[PASS] scene-documents-consumer-audit-modes
[PASS] scene-documents-consumer-audit
[PASS] scene-documents-consumer-tail
[PASS] scene-documents-consumer-tokenization
[PASS] scene-documents-contract-ocr
[PASS] scene-documents-controller-preflight
[PASS] scene-documents-convergence-preflight
[PASS] scene-documents-domain-sync
[PASS] scene-documents-execution-retirement
[PASS] scene-documents-family-runtime
[PASS] scene-documents-freshness
[PASS] scene-documents-guizi-scripts
[PASS] scene-documents-guizi-symlinks
[PASS] scene-documents-guizi-tools
[PASS] scene-documents-guozhuan-symlinks
[PASS] scene-documents-guozhuan-tools
[PASS] scene-documents-l4-convergence
[PASS] scene-documents-learning-control
[PASS] scene-documents-learning-helpers
[PASS] scene-documents-ocr-cutover
[PASS] scene-documents-ocr-preflight
[PASS] scene-documents-opc-runtime
[PASS] scene-documents-owner-job
[PASS] scene-documents-predictor-preflight
[PASS] scene-documents-public-runtime
[PASS] scene-documents-release-root
[PASS] scene-documents-root-control-tools
[PASS] scene-documents-root-oneoff
[PASS] scene-documents-root-tools
[PASS] scene-documents-schedule-cutover
[PASS] scene-documents-signals-preflight
[PASS] scene-documents-vault-health
[PASS] scene-documents-weijian-cleanup
[PASS] scene-documents-weijian-control
[PASS] scene-documents-weijian-runtime
[PASS] scene-documents-workspace-watch
[PASS] scene-documents-zcode-config
[PASS] scene-documents-zcode-state
[PASS] scene-engineering-delivery
[PASS] scene-health-archive
[PASS] scene-health-intake
[PASS] scene-health-visit-prep
[PASS] scene-health-visit
[PASS] scene-inbox-to-decision
[PASS] scene-knowledge-curation
[PASS] scene-meeting-supervision
[PASS] scene-meeting-to-delivery
[PASS] scene-periodic-reporting
[PASS] scene-project-supervision
[PASS] scene-research-pipeline
[PASS] scene-research-to-insight
[PASS] scene-unified-inbox
[PASS] scene-knowledge-ingest
[PASS] scene-admin-classify
[PASS] scene-admin-collect
[PASS] scene-admin-compile
[PASS] scene-admin-forward
[PASS] scene-admin-inbox
[PASS] scene-admin-review
[PASS] scene-admin-submit
[PASS] scene-agora-bos-gateway
[PASS] scene-document-review
[PASS] scene-documents-accepted-release
[PASS] scene-documents-bridge-preflight
[PASS] scene-documents-cockpit-convergence
[PASS] scene-documents-cockpit-runtime
[PASS] scene-documents-concept-weave
[PASS] scene-documents-consumer-audit-modes
[PASS] scene-documents-consumer-audit
[PASS] scene-documents-consumer-tail
[PASS] scene-documents-consumer-tokenization
[PASS] scene-documents-contract-ocr
[PASS] scene-documents-controller-preflight
[PASS] scene-documents-convergence-preflight
[PASS] scene-documents-domain-sync
[PASS] scene-documents-execution-retirement
[PASS] scene-documents-family-runtime
[PASS] scene-documents-freshness
[PASS] scene-documents-guizi-scripts
[PASS] scene-documents-guizi-symlinks
[PASS] scene-documents-guizi-tools
[PASS] scene-documents-guozhuan-symlinks
[PASS] scene-documents-guozhuan-tools
[PASS] scene-documents-l4-convergence
[PASS] scene-documents-learning-control
[PASS] scene-documents-learning-helpers
[PASS] scene-documents-ocr-cutover
[PASS] scene-documents-ocr-preflight
[PASS] scene-documents-opc-runtime
[PASS] scene-documents-owner-job
[PASS] scene-documents-predictor-preflight
[PASS] scene-documents-public-runtime
[PASS] scene-documents-release-root
[PASS] scene-documents-root-control-tools
[PASS] scene-documents-root-oneoff
[PASS] scene-documents-root-tools
[PASS] scene-documents-schedule-cutover
[PASS] scene-documents-signals-preflight
[PASS] scene-documents-vault-health
[PASS] scene-documents-weijian-cleanup
[PASS] scene-documents-weijian-control
[PASS] scene-documents-weijian-runtime
[PASS] scene-documents-workspace-watch
[PASS] scene-documents-zcode-config
[PASS] scene-documents-zcode-state
[FAIL] scene-engineering-delivery
  ERROR: schema must be 'scene-card/v3', got 'scene-card/v1'
[PASS] scene-health-archive
[PASS] scene-health-intake
[PASS] scene-health-visit-prep
[PASS] scene-health-visit
[PASS] scene-inbox-to-decision
[PASS] scene-knowledge-curation
[FAIL] scene-meeting-supervision
  ERROR: schema must be 'scene-card/v3', got 'scene-card/v1'
[PASS] scene-meeting-to-delivery
[FAIL] scene-periodic-reporting
  ERROR: schema must be 'scene-card/v3', got 'scene-card/v1'
[FAIL] scene-project-supervision
  ERROR: schema must be 'scene-card/v3', got 'scene-card/v1'
[PASS] scene-research-pipeline
[PASS] scene-research-to-insight
[PASS] scene-unified-inbox
[PASS] scene-knowledge-ingest
[PASS] scene-admin-classify
[PASS] scene-admin-collect
[PASS] scene-admin-compile
[PASS] scene-admin-forward
[PASS] scene-admin-inbox
[PASS] scene-admin-review
[PASS] scene-admin-submit
[PASS] scene-agora-bos-gateway
[PASS] scene-document-review
[PASS] scene-documents-accepted-release
[PASS] scene-documents-bridge-preflight
[PASS] scene-documents-cockpit-convergence
[PASS] scene-documents-cockpit-runtime
[PASS] scene-documents-concept-weave
[PASS] scene-documents-consumer-audit-modes
[PASS] scene-documents-consumer-audit
[PASS] scene-documents-consumer-tail
[PASS] scene-documents-consumer-tokenization
[PASS] scene-documents-contract-ocr
[PASS] scene-documents-controller-preflight
[PASS] scene-documents-convergence-preflight
[PASS] scene-documents-domain-sync
[PASS] scene-documents-execution-retirement
[PASS] scene-documents-family-runtime
[PASS] scene-documents-freshness
[PASS] scene-documents-guizi-scripts
[PASS] scene-documents-guizi-symlinks
[PASS] scene-documents-guizi-tools
[PASS] scene-documents-guozhuan-symlinks
[PASS] scene-documents-guozhuan-tools
[PASS] scene-documents-l4-convergence
[PASS] scene-documents-learning-control
[PASS] scene-documents-learning-helpers
[PASS] scene-documents-ocr-cutover
[PASS] scene-documents-ocr-preflight
[PASS] scene-documents-opc-runtime
[PASS] scene-documents-owner-job
[PASS] scene-documents-predictor-preflight
[PASS] scene-documents-public-runtime
[PASS] scene-documents-release-root
[PASS] scene-documents-root-control-tools
[PASS] scene-documents-root-oneoff
[PASS] scene-documents-root-tools
[PASS] scene-documents-schedule-cutover
[PASS] scene-documents-signals-preflight
[PASS] scene-documents-vault-health
[PASS] scene-documents-weijian-cleanup
[PASS] scene-documents-weijian-control
[PASS] scene-documents-weijian-runtime
[PASS] scene-documents-workspace-watch
[PASS] scene-documents-zcode-config
[PASS] scene-documents-zcode-state
[FAIL] scene-engineering-delivery
  ERROR: schema must be 'scene-card/v3', got 'scene-card/v1'
[FAIL] scene-governance-audit
  ERROR: lifecycle 'supervised' expects activation 'active', got 'allowed'
[FAIL] scene-governance-drift-watch
  ERROR: lifecycle 'supervised' expects activation 'active', got 'allowed'
[PASS] scene-health-archive
[PASS] scene-health-intake
[PASS] scene-health-visit-prep
[PASS] scene-health-visit
[PASS] scene-inbox-to-decision
[PASS] scene-knowledge-curation
[FAIL] scene-meeting-supervision
  ERROR: schema must be 'scene-card/v3', got 'scene-card/v1'
[PASS] scene-meeting-to-delivery
[FAIL] scene-periodic-reporting
  ERROR: schema must be 'scene-card/v3', got 'scene-card/v1'
[FAIL] scene-project-supervision
  ERROR: schema must be 'scene-card/v3', got 'scene-card/v1'
[PASS] scene-research-pipeline
[PASS] scene-research-to-insight
[PASS] scene-unified-inbox
[PASS] scene-knowledge-ingest
[PASS] scene-admin-classify
[PASS] scene-admin-collect
[PASS] scene-admin-compile
[PASS] scene-admin-forward
[PASS] scene-admin-inbox
[PASS] scene-admin-review
[PASS] scene-admin-submit
[PASS] scene-agora-bos-gateway
[PASS] scene-document-review
[PASS] scene-documents-accepted-release
[PASS] scene-documents-bridge-preflight
[PASS] scene-documents-cockpit-convergence
[PASS] scene-documents-cockpit-runtime
[PASS] scene-documents-concept-weave
[PASS] scene-documents-consumer-audit-modes
[PASS] scene-documents-consumer-audit
[PASS] scene-documents-consumer-tail
[PASS] scene-documents-consumer-tokenization
[PASS] scene-documents-contract-ocr
[PASS] scene-documents-controller-preflight
[PASS] scene-documents-convergence-preflight
[PASS] scene-documents-domain-sync
[PASS] scene-documents-execution-retirement
[PASS] scene-documents-family-runtime
[PASS] scene-documents-freshness
[PASS] scene-documents-guizi-scripts
[PASS] scene-documents-guizi-symlinks
[PASS] scene-documents-guizi-tools
[PASS] scene-documents-guozhuan-symlinks
[PASS] scene-documents-guozhuan-tools
[PASS] scene-documents-l4-convergence
[PASS] scene-documents-learning-control
[PASS] scene-documents-learning-helpers
[PASS] scene-documents-ocr-cutover
[PASS] scene-documents-ocr-preflight
[PASS] scene-documents-opc-runtime
[PASS] scene-documents-owner-job
[PASS] scene-documents-predictor-preflight
[PASS] scene-documents-public-runtime
[PASS] scene-documents-release-root
[PASS] scene-documents-root-control-tools
[PASS] scene-documents-root-oneoff
[PASS] scene-documents-root-tools
[PASS] scene-documents-schedule-cutover
[PASS] scene-documents-signals-preflight
[PASS] scene-documents-vault-health
[PASS] scene-documents-weijian-cleanup
[PASS] scene-documents-weijian-control
[PASS] scene-documents-weijian-runtime
[PASS] scene-documents-workspace-watch
[PASS] scene-documents-zcode-config
[PASS] scene-documents-zcode-state
[FAIL] scene-engineering-delivery
  ERROR: schema must be 'scene-card/v3', got 'scene-card/v1'
[FAIL] scene-governance-audit
  ERROR: lifecycle 'supervised' expects activation 'active', got 'allowed'
[FAIL] scene-governance-drift-watch
  ERROR: lifecycle 'supervised' expects activation 'active', got 'allowed'
[PASS] scene-health-archive
[PASS] scene-health-intake
[PASS] scene-health-visit-prep
[PASS] scene-health-visit
[PASS] scene-inbox-to-decision
[PASS] scene-knowledge-curation
[FAIL] scene-meeting-supervision
  ERROR: schema must be 'scene-card/v3', got 'scene-card/v1'
[PASS] scene-meeting-to-delivery
[FAIL] scene-periodic-reporting
  ERROR: schema must be 'scene-card/v3', got 'scene-card/v1'
[FAIL] scene-project-supervision
  ERROR: schema must be 'scene-card/v3', got 'scene-card/v1'
[PASS] scene-research-pipeline
[PASS] scene-research-to-insight
[PASS] scene-unified-inbox
[PASS] scene-knowledge-ingest
[PASS] scene-admin-classify
[PASS] scene-admin-collect
[PASS] scene-admin-compile
[PASS] scene-admin-forward
[PASS] scene-admin-inbox
[PASS] scene-admin-review
[PASS] scene-admin-submit
[PASS] scene-agora-bos-gateway
[PASS] scene-document-review
[PASS] scene-documents-accepted-release
[PASS] scene-documents-bridge-preflight
[PASS] scene-documents-cockpit-convergence
[PASS] scene-documents-cockpit-runtime
[PASS] scene-documents-concept-weave
[PASS] scene-documents-consumer-audit-modes
[PASS] scene-documents-consumer-audit
[PASS] scene-documents-consumer-tail
[PASS] scene-documents-consumer-tokenization
[PASS] scene-documents-contract-ocr
[PASS] scene-documents-controller-preflight
[PASS] scene-documents-convergence-preflight
[PASS] scene-documents-domain-sync
[PASS] scene-documents-execution-retirement
[PASS] scene-documents-family-runtime
[PASS] scene-documents-freshness
[PASS] scene-documents-guizi-scripts
[PASS] scene-documents-guizi-symlinks
[PASS] scene-documents-guizi-tools
[PASS] scene-documents-guozhuan-symlinks
[PASS] scene-documents-guozhuan-tools
[PASS] scene-documents-l4-convergence
[PASS] scene-documents-learning-control
[PASS] scene-documents-learning-helpers
[PASS] scene-documents-ocr-cutover
[PASS] scene-documents-ocr-preflight
[PASS] scene-documents-opc-runtime
[PASS] scene-documents-owner-job
[PASS] scene-documents-predictor-preflight
[PASS] scene-documents-public-runtime
[PASS] scene-documents-release-root
[PASS] scene-documents-root-control-tools
[PASS] scene-documents-root-oneoff
[PASS] scene-documents-root-tools
[PASS] scene-documents-schedule-cutover
[PASS] scene-documents-signals-preflight
[PASS] scene-documents-vault-health
[PASS] scene-documents-weijian-cleanup
[PASS] scene-documents-weijian-control
[PASS] scene-documents-weijian-runtime
[PASS] scene-documents-workspace-watch
[PASS] scene-documents-zcode-config
[PASS] scene-documents-zcode-state
[FAIL] scene-engineering-delivery
  ERROR: schema must be 'scene-card/v3', got 'scene-card/v1'
[FAIL] scene-governance-audit
  ERROR: lifecycle 'supervised' expects activation 'active', got 'allowed'
[FAIL] scene-governance-drift-watch
  ERROR: lifecycle 'supervised' expects activation 'active', got 'allowed'
[PASS] scene-health-archive
[PASS] scene-health-intake
[PASS] scene-health-visit-prep
[PASS] scene-health-visit
[PASS] scene-inbox-to-decision
[PASS] scene-knowledge-curation
[FAIL] scene-meeting-supervision
  ERROR: schema must be 'scene-card/v3', got 'scene-card/v1'
[PASS] scene-meeting-to-delivery
[FAIL] scene-periodic-reporting
  ERROR: schema must be 'scene-card/v3', got 'scene-card/v1'
[FAIL] scene-project-supervision
  ERROR: schema must be 'scene-card/v3', got 'scene-card/v1'
[PASS] scene-research-pipeline
[PASS] scene-research-to-insight
[PASS] scene-unified-inbox
[PASS] scene-knowledge-ingest
[PASS] scene-admin-classify
[PASS] scene-admin-collect
[PASS] scene-admin-compile
[PASS] scene-admin-forward
[PASS] scene-admin-inbox
[PASS] scene-admin-review
[PASS] scene-admin-submit
[PASS] scene-agora-bos-gateway
[PASS] scene-document-review
[PASS] scene-documents-accepted-release
[PASS] scene-documents-bridge-preflight
[PASS] scene-documents-cockpit-convergence
[PASS] scene-documents-cockpit-runtime
[PASS] scene-documents-concept-weave
[PASS] scene-documents-consumer-audit-modes
[PASS] scene-documents-consumer-audit
[PASS] scene-documents-consumer-tail
[PASS] scene-documents-consumer-tokenization
[PASS] scene-documents-contract-ocr
[PASS] scene-documents-controller-preflight
[PASS] scene-documents-convergence-preflight
[PASS] scene-documents-domain-sync
[PASS] scene-documents-execution-retirement
[PASS] scene-documents-family-runtime
[PASS] scene-documents-freshness
[PASS] scene-documents-guizi-scripts
[PASS] scene-documents-guizi-symlinks
[PASS] scene-documents-guizi-tools
[PASS] scene-documents-guozhuan-symlinks
[PASS] scene-documents-guozhuan-tools
[PASS] scene-documents-l4-convergence
[PASS] scene-documents-learning-control
[PASS] scene-documents-learning-helpers
[PASS] scene-documents-ocr-cutover
[PASS] scene-documents-ocr-preflight
[PASS] scene-documents-opc-runtime
[PASS] scene-documents-owner-job
[PASS] scene-documents-predictor-preflight
[PASS] scene-documents-public-runtime
[PASS] scene-documents-release-root
[PASS] scene-documents-root-control-tools
[PASS] scene-documents-root-oneoff
[PASS] scene-documents-root-tools
[PASS] scene-documents-schedule-cutover
[PASS] scene-documents-signals-preflight
[PASS] scene-documents-vault-health
[PASS] scene-documents-weijian-cleanup
[PASS] scene-documents-weijian-control
[PASS] scene-documents-weijian-runtime
[PASS] scene-documents-workspace-watch
[PASS] scene-documents-zcode-config
[PASS] scene-documents-zcode-state
[FAIL] scene-engineering-delivery
  ERROR: schema must be 'scene-card/v3', got 'scene-card/v1'
[FAIL] scene-governance-audit
  ERROR: lifecycle 'supervised' expects activation 'active', got 'allowed'
[FAIL] scene-governance-drift-watch
  ERROR: lifecycle 'supervised' expects activation 'active', got 'allowed'
[PASS] scene-health-archive
[PASS] scene-health-intake
[PASS] scene-health-visit-prep
[PASS] scene-health-visit
[PASS] scene-inbox-to-decision
[PASS] scene-knowledge-curation
[FAIL] scene-meeting-supervision
  ERROR: schema must be 'scene-card/v3', got 'scene-card/v1'
[PASS] scene-meeting-to-delivery
[FAIL] scene-periodic-reporting
  ERROR: schema must be 'scene-card/v3', got 'scene-card/v1'
[FAIL] scene-project-supervision
  ERROR: schema must be 'scene-card/v3', got 'scene-card/v1'
[PASS] scene-research-pipeline
[PASS] scene-research-to-insight
[PASS] scene-unified-inbox
[PASS] scene-knowledge-ingest
[PASS] scene-admin-classify
[PASS] scene-admin-collect
[PASS] scene-admin-compile
[PASS] scene-admin-forward
[PASS] scene-admin-inbox
[PASS] scene-admin-review
[PASS] scene-admin-submit
[PASS] scene-agora-bos-gateway
[PASS] scene-document-review
[PASS] scene-documents-accepted-release
[PASS] scene-documents-bridge-preflight
[PASS] scene-documents-cockpit-convergence
[PASS] scene-documents-cockpit-runtime
[PASS] scene-documents-concept-weave
[PASS] scene-documents-consumer-audit-modes
[PASS] scene-documents-consumer-audit
[PASS] scene-documents-consumer-tail
[PASS] scene-documents-consumer-tokenization
[PASS] scene-documents-contract-ocr
[PASS] scene-documents-controller-preflight
[PASS] scene-documents-convergence-preflight
[PASS] scene-documents-domain-sync
[PASS] scene-documents-execution-retirement
[PASS] scene-documents-family-runtime
[PASS] scene-documents-freshness
[PASS] scene-documents-guizi-scripts
[PASS] scene-documents-guizi-symlinks
[PASS] scene-documents-guizi-tools
[PASS] scene-documents-guozhuan-symlinks
[PASS] scene-documents-guozhuan-tools
[PASS] scene-documents-l4-convergence
[PASS] scene-documents-learning-control
[PASS] scene-documents-learning-helpers
[PASS] scene-documents-ocr-cutover
[PASS] scene-documents-ocr-preflight
[PASS] scene-documents-opc-runtime
[PASS] scene-documents-owner-job
[PASS] scene-documents-predictor-preflight
[PASS] scene-documents-public-runtime
[PASS] scene-documents-release-root
[PASS] scene-documents-root-control-tools
[PASS] scene-documents-root-oneoff
[PASS] scene-documents-root-tools
[PASS] scene-documents-schedule-cutover
[PASS] scene-documents-signals-preflight
[PASS] scene-documents-vault-health
[PASS] scene-documents-weijian-cleanup
[PASS] scene-documents-weijian-control
[PASS] scene-documents-weijian-runtime
[PASS] scene-documents-workspace-watch
[PASS] scene-documents-zcode-config
[PASS] scene-documents-zcode-state
[FAIL] scene-engineering-delivery
  ERROR: schema must be 'scene-card/v3', got 'scene-card/v1'
[FAIL] scene-governance-audit
  ERROR: lifecycle 'supervised' expects activation 'active', got 'allowed'
[FAIL] scene-governance-drift-watch
  ERROR: lifecycle 'supervised' expects activation 'active', got 'allowed'
[PASS] scene-health-archive
[PASS] scene-health-intake
[PASS] scene-health-visit-prep
[PASS] scene-health-visit
[PASS] scene-inbox-to-decision
[PASS] scene-knowledge-curation
[FAIL] scene-meeting-supervision
  ERROR: schema must be 'scene-card/v3', got 'scene-card/v1'
[PASS] scene-meeting-to-delivery
[FAIL] scene-periodic-reporting
  ERROR: schema must be 'scene-card/v3', got 'scene-card/v1'
[FAIL] scene-project-supervision
  ERROR: schema must be 'scene-card/v3', got 'scene-card/v1'
[PASS] scene-research-pipeline
[PASS] scene-research-to-insight
[PASS] scene-unified-inbox
[PASS] scene-knowledge-ingest
[PASS] scene-admin-classify
[PASS] scene-admin-collect
[PASS] scene-admin-compile
[PASS] scene-admin-forward
[PASS] scene-admin-inbox
[PASS] scene-admin-review
[PASS] scene-admin-submit
[PASS] scene-agora-bos-gateway
[PASS] scene-document-review
[PASS] scene-documents-accepted-release
[PASS] scene-documents-bridge-preflight
[PASS] scene-documents-cockpit-convergence
[PASS] scene-documents-cockpit-runtime
[PASS] scene-documents-concept-weave
[PASS] scene-documents-consumer-audit-modes
[PASS] scene-documents-consumer-audit
[PASS] scene-documents-consumer-tail
[PASS] scene-documents-consumer-tokenization
[PASS] scene-documents-contract-ocr
[PASS] scene-documents-controller-preflight
[PASS] scene-documents-convergence-preflight
[PASS] scene-documents-domain-sync
[PASS] scene-documents-execution-retirement
[PASS] scene-documents-family-runtime
[PASS] scene-documents-freshness
[PASS] scene-documents-guizi-scripts
[PASS] scene-documents-guizi-symlinks
[PASS] scene-documents-guizi-tools
[PASS] scene-documents-guozhuan-symlinks
[PASS] scene-documents-guozhuan-tools
[PASS] scene-documents-l4-convergence
[PASS] scene-documents-learning-control
[PASS] scene-documents-learning-helpers
[PASS] scene-documents-ocr-cutover
[PASS] scene-documents-ocr-preflight
[PASS] scene-documents-opc-runtime
[PASS] scene-documents-owner-job
[PASS] scene-documents-predictor-preflight
[PASS] scene-documents-public-runtime
[PASS] scene-documents-release-root
[PASS] scene-documents-root-control-tools
[PASS] scene-documents-root-oneoff
[PASS] scene-documents-root-tools
[PASS] scene-documents-schedule-cutover
[PASS] scene-documents-signals-preflight
[PASS] scene-documents-vault-health
[PASS] scene-documents-weijian-cleanup
[PASS] scene-documents-weijian-control
[PASS] scene-documents-weijian-runtime
[PASS] scene-documents-workspace-watch
[PASS] scene-documents-zcode-config
[PASS] scene-documents-zcode-state
[FAIL] scene-engineering-delivery
  ERROR: schema must be 'scene-card/v3', got 'scene-card/v1'
[FAIL] scene-governance-audit
  ERROR: lifecycle 'supervised' expects activation 'active', got 'allowed'
[FAIL] scene-governance-drift-watch
  ERROR: lifecycle 'supervised' expects activation 'active', got 'allowed'
[PASS] scene-health-archive
[PASS] scene-health-intake
[PASS] scene-health-visit-prep
[PASS] scene-health-visit
[PASS] scene-inbox-to-decision
[PASS] scene-knowledge-curation
[FAIL] scene-meeting-supervision
  ERROR: schema must be 'scene-card/v3', got 'scene-card/v1'
[PASS] scene-meeting-to-delivery
[FAIL] scene-periodic-reporting
  ERROR: schema must be 'scene-card/v3', got 'scene-card/v1'
[FAIL] scene-project-supervision
  ERROR: schema must be 'scene-card/v3', got 'scene-card/v1'
[PASS] scene-research-pipeline
[PASS] scene-research-to-insight
[PASS] scene-unified-inbox
